Archive member included because of file (symbol)

libbb/lib.a(appletlib.o)      /home/mlzboy/asuswrt-merlin-380.66/release/src-rt-6.x.4708/toolchains/hndtools-arm-linux-2.6.36-uclibc-4.5.3/bin/../arm-brcm-linux-uclibcgnueabi/sysroot/usr/lib/crt1.o (main)
libbb/lib.a(compare_string_array.o)
                              libbb/lib.a(appletlib.o) (is_prefixed_with)
libbb/lib.a(concat_path_file.o)
                              libbb/lib.a(appletlib.o) (concat_path_file)
libbb/lib.a(default_error_retval.o)
                              libbb/lib.a(appletlib.o) (xfunc_error_retval)
libbb/lib.a(get_last_path_component.o)
                              libbb/lib.a(appletlib.o) (bb_basename)
libbb/lib.a(last_char_is.o)   libbb/lib.a(concat_path_file.o) (last_char_is)
libbb/lib.a(llist.o)          libbb/lib.a(appletlib.o) (llist_free)
libbb/lib.a(messages.o)       libbb/lib.a(appletlib.o) (bb_banner)
libbb/lib.a(perror_msg.o)     libbb/lib.a(appletlib.o) (bb_perror_msg_and_die)
libbb/lib.a(ptr_to_globals.o)
                              libbb/lib.a(appletlib.o) (bb_errno)
libbb/lib.a(skip_whitespace.o)
                              libbb/lib.a(appletlib.o) (skip_whitespace)
libbb/lib.a(verror_msg.o)     libbb/lib.a(perror_msg.o) (bb_verror_msg)
libbb/lib.a(wfopen.o)         libbb/lib.a(appletlib.o) (fopen_for_read)
libbb/lib.a(xfunc_die.o)      libbb/lib.a(appletlib.o) (xfunc_die)
libbb/lib.a(xfuncs.o)         libbb/lib.a(appletlib.o) (full_write2_str)
libbb/lib.a(xfuncs_printf.o)  libbb/lib.a(appletlib.o) (malloc_or_warn)
libbb/lib.a(xreadlink.o)      libbb/lib.a(appletlib.o) (xmalloc_readlink)
libbb/lib.a(copyfd.o)         libbb/lib.a(xfuncs_printf.o) (bb_copyfd_eof)
libbb/lib.a(full_write.o)     libbb/lib.a(verror_msg.o) (full_write)
libbb/lib.a(read.o)           libbb/lib.a(copyfd.o) (safe_read)
libbb/lib.a(safe_write.o)     libbb/lib.a(full_write.o) (safe_write)
libbb/lib.a(signals.o)        libbb/lib.a(xfuncs_printf.o) (kill_myself_with_sig)
libbb/lib.a(time.o)           libbb/lib.a(xfuncs_printf.o) (monotonic_us)
libbb/lib.a(bb_strtonum.o)    libbb/lib.a(time.o) (bb_strtol)
libpwdgrp/lib.a(pwd_grp.o)    libbb/lib.a(appletlib.o) (bb_internal_getpwnam)
libpwdgrp/lib.a(uidgid_get.o)
                              libbb/lib.a(appletlib.o) (get_uidgid)
loginutils/lib.a(add-remove-shell.o)
                              libbb/lib.a(appletlib.o) (add_remove_shell_main)
loginutils/lib.a(addgroup.o)  libbb/lib.a(appletlib.o) (addgroup_main)
loginutils/lib.a(adduser.o)   libbb/lib.a(appletlib.o) (adduser_main)
loginutils/lib.a(chpasswd.o)  libbb/lib.a(appletlib.o) (chpasswd_main)
loginutils/lib.a(cryptpw.o)   libbb/lib.a(appletlib.o) (cryptpw_main)
loginutils/lib.a(deluser.o)   libbb/lib.a(appletlib.o) (deluser_main)
loginutils/lib.a(getty.o)     libbb/lib.a(appletlib.o) (getty_main)
loginutils/lib.a(login.o)     libbb/lib.a(appletlib.o) (login_main)
loginutils/lib.a(passwd.o)    libbb/lib.a(appletlib.o) (passwd_main)
loginutils/lib.a(su.o)        libbb/lib.a(appletlib.o) (su_main)
loginutils/lib.a(sulogin.o)   libbb/lib.a(appletlib.o) (sulogin_main)
loginutils/lib.a(vlock.o)     libbb/lib.a(appletlib.o) (vlock_main)
mailutils/lib.a(makemime.o)   libbb/lib.a(appletlib.o) (makemime_main)
mailutils/lib.a(popmaildir.o)
                              libbb/lib.a(appletlib.o) (popmaildir_main)
mailutils/lib.a(reformime.o)  libbb/lib.a(appletlib.o) (reformime_main)
mailutils/lib.a(sendmail.o)   libbb/lib.a(appletlib.o) (sendmail_main)
mailutils/lib.a(mail.o)       mailutils/lib.a(popmaildir.o) (launch_helper)
miscutils/lib.a(adjtimex.o)   libbb/lib.a(appletlib.o) (adjtimex_main)
miscutils/lib.a(beep.o)       libbb/lib.a(appletlib.o) (beep_main)
miscutils/lib.a(chat.o)       libbb/lib.a(appletlib.o) (chat_main)
miscutils/lib.a(chrt.o)       libbb/lib.a(appletlib.o) (chrt_main)
miscutils/lib.a(conspy.o)     libbb/lib.a(appletlib.o) (conspy_main)
miscutils/lib.a(crond.o)      libbb/lib.a(appletlib.o) (crond_main)
miscutils/lib.a(crontab.o)    libbb/lib.a(appletlib.o) (crontab_main)
miscutils/lib.a(dc.o)         libbb/lib.a(appletlib.o) (dc_main)
miscutils/lib.a(devmem.o)     libbb/lib.a(appletlib.o) (devmem_main)
miscutils/lib.a(eject.o)      libbb/lib.a(appletlib.o) (eject_main)
miscutils/lib.a(fbsplash.o)   libbb/lib.a(appletlib.o) (fbsplash_main)
miscutils/lib.a(hdparm.o)     libbb/lib.a(appletlib.o) (hdparm_main)
miscutils/lib.a(i2c_tools.o)  libbb/lib.a(appletlib.o) (i2cget_main)
miscutils/lib.a(ionice.o)     libbb/lib.a(appletlib.o) (ionice_main)
miscutils/lib.a(last_fancy.o)
                              libbb/lib.a(appletlib.o) (last_main)
miscutils/lib.a(less.o)       libbb/lib.a(appletlib.o) (less_main)
miscutils/lib.a(makedevs.o)   libbb/lib.a(appletlib.o) (makedevs_main)
miscutils/lib.a(man.o)        libbb/lib.a(appletlib.o) (man_main)
miscutils/lib.a(microcom.o)   libbb/lib.a(appletlib.o) (microcom_main)
miscutils/lib.a(mountpoint.o)
                              libbb/lib.a(appletlib.o) (mountpoint_main)
[...]
Memory Configuration

Name             Origin             Length             Attributes
*default*        0x00000000         0xffffffff

Linker script and memory map

LOAD /home/mlzboy/asuswrt-merlin-380.66/release/src-rt-6.x.4708/toolchains/hndtools-arm-linux-2.6.36-uclibc-4.5.3/bin/../arm-brcm-linux-uclibcgnueabi/sysroot/usr/lib/crt1.o
LOAD /home/mlzboy/asuswrt-merlin-380.66/release/src-rt-6.x.4708/toolchains/hndtools-arm-linux-2.6.36-uclibc-4.5.3/bin/../arm-brcm-linux-uclibcgnueabi/sysroot/usr/lib/crti.o
LOAD /home/mlzboy/asuswrt-merlin-380.66/release/src-rt-6.x.4708/toolchains/hndtools-arm-linux-2.6.36-uclibc-4.5.3/bin/../lib/gcc/arm-brcm-linux-uclibcgnueabi/4.5.3/crtbegin.o
START GROUP
LOAD applets/built-in.o
LOAD archival/lib.a
LOAD archival/libarchive/lib.a
LOAD console-tools/lib.a
LOAD coreutils/lib.a
LOAD coreutils/libcoreutils/lib.a
LOAD debianutils/lib.a
LOAD e2fsprogs/lib.a
LOAD editors/lib.a
LOAD findutils/lib.a
LOAD init/lib.a
LOAD libbb/lib.a
LOAD libpwdgrp/lib.a
LOAD loginutils/lib.a
LOAD mailutils/lib.a
LOAD miscutils/lib.a
LOAD modutils/lib.a
LOAD networking/lib.a
LOAD networking/libiproute/lib.a
LOAD networking/udhcp/lib.a
LOAD printutils/lib.a
LOAD procps/lib.a
LOAD runit/lib.a
LOAD selinux/lib.a
LOAD shell/lib.a
LOAD sysklogd/lib.a
LOAD util-linux/lib.a
LOAD util-linux/volume_id/lib.a
LOAD archival/built-in.o
LOAD archival/libarchive/built-in.o
LOAD console-tools/built-in.o
LOAD coreutils/built-in.o
LOAD coreutils/libcoreutils/built-in.o
LOAD debianutils/built-in.o
LOAD e2fsprogs/built-in.o
LOAD editors/built-in.o
LOAD findutils/built-in.o
LOAD init/built-in.o
LOAD libbb/built-in.o
LOAD libpwdgrp/built-in.o
LOAD loginutils/built-in.o
LOAD mailutils/built-in.o
LOAD miscutils/built-in.o
LOAD modutils/built-in.o
LOAD networking/built-in.o
LOAD networking/libiproute/built-in.o
LOAD networking/udhcp/built-in.o
LOAD printutils/built-in.o
LOAD procps/built-in.o
LOAD runit/built-in.o
LOAD selinux/built-in.o
LOAD shell/built-in.o
LOAD sysklogd/built-in.o
LOAD util-linux/built-in.o
LOAD util-linux/volume_id/built-in.o
END GROUP
START GROUP
LOAD /home/mlzboy/asuswrt-merlin-380.66/release/src-rt-6.x.4708/toolchains/hndtools-arm-linux-2.6.36-uclibc-4.5.3/bin/../arm-brcm-linux-uclibcgnueabi/sysroot/usr/lib/libm.so
END GROUP
LOAD /home/mlzboy/asuswrt-merlin-380.66/release/src-rt-6.x.4708/toolchains/hndtools-arm-linux-2.6.36-uclibc-4.5.3/bin/../lib/gcc/arm-brcm-linux-uclibcgnueabi/4.5.3/libgcc.a
LOAD /home/mlzboy/asuswrt-merlin-380.66/release/src-rt-6.x.4708/toolchains/hndtools-arm-linux-2.6.36-uclibc-4.5.3/bin/../lib/gcc/arm-brcm-linux-uclibcgnueabi/4.5.3/libgcc_eh.a
LOAD /home/mlzboy/asuswrt-merlin-380.66/release/src-rt-6.x.4708/toolchains/hndtools-arm-linux-2.6.36-uclibc-4.5.3/bin/../arm-brcm-linux-uclibcgnueabi/sysroot/usr/lib/libc.so
START GROUP
LOAD /home/mlzboy/asuswrt-merlin-380.66/release/src-rt-6.x.4708/toolchains/hndtools-arm-linux-2.6.36-uclibc-4.5.3/bin/../arm-brcm-linux-uclibcgnueabi/sysroot/lib/libc.so.0
LOAD /home/mlzboy/asuswrt-merlin-380.66/release/src-rt-6.x.4708/toolchains/hndtools-arm-linux-2.6.36-uclibc-4.5.3/bin/../arm-brcm-linux-uclibcgnueabi/sysroot/usr/lib/uclibc_nonshared.a
LOAD /home/mlzboy/asuswrt-merlin-380.66/release/src-rt-6.x.4708/toolchains/hndtools-arm-linux-2.6.36-uclibc-4.5.3/bin/../arm-brcm-linux-uclibcgnueabi/sysroot/lib/ld-uClibc.so.0
END GROUP
LOAD /home/mlzboy/asuswrt-merlin-380.66/release/src-rt-6.x.4708/toolchains/hndtools-arm-linux-2.6.36-uclibc-4.5.3/bin/../lib/gcc/arm-brcm-linux-uclibcgnueabi/4.5.3/libgcc.a
LOAD /home/mlzboy/asuswrt-merlin-380.66/release/src-rt-6.x.4708/toolchains/hndtools-arm-linux-2.6.36-uclibc-4.5.3/bin/../lib/gcc/arm-brcm-linux-uclibcgnueabi/4.5.3/libgcc_eh.a
LOAD /home/mlzboy/asuswrt-merlin-380.66/release/src-rt-6.x.4708/toolchains/hndtools-arm-linux-2.6.36-uclibc-4.5.3/bin/../lib/gcc/arm-brcm-linux-uclibcgnueabi/4.5.3/crtend.o
LOAD /home/mlzboy/asuswrt-merlin-380.66/release/src-rt-6.x.4708/toolchains/hndtools-arm-linux-2.6.36-uclibc-4.5.3/bin/../arm-brcm-linux-uclibcgnueabi/sysroot/usr/lib/crtn.o
                0x00008000                PROVIDE (__executable_start, 0x8000)
                0x00008114                . = (0x8000 + SIZEOF_HEADERS)

.interp         0x00008114       0x14
 *(SORT(.interp))
 .interp        0x00008114       0x14 /home/mlzboy/asuswrt-merlin-380.66/release/src-rt-6.x.4708/toolchains/hndtools-arm-linux-2.6.36-uclibc-4.5.3/bin/../arm-brcm-linux-uclibcgnueabi/sysroot/usr/lib/libm.so

.note.gnu.build-id
 *(SORT(.note.gnu.build-id))

.hash           0x00008128      0xa48
 *(SORT(.hash))
 .hash          0x00008128      0xa48 /home/mlzboy/asuswrt-merlin-380.66/release/src-rt-6.x.4708/toolchains/hndtools-arm-linux-2.6.36-uclibc-4.5.3/bin/../arm-brcm-linux-uclibcgnueabi/sysroot/usr/lib/libm.so

.gnu.hash
 *(SORT(.gnu.hash))

.dynsym         0x00008b70     0x1890
 *(SORT(.dynsym))
 .dynsym        0x00008b70     0x1890 /home/mlzboy/asuswrt-merlin-380.66/release/src-rt-6.x.4708/toolchains/hndtools-arm-linux-2.6.36-uclibc-4.5.3/bin/../arm-brcm-linux-uclibcgnueabi/sysroot/usr/lib/libm.so

.dynstr         0x0000a400      0xca9
 *(SORT(.dynstr))
 .dynstr        0x0000a400      0xca9 /home/mlzboy/asuswrt-merlin-380.66/release/src-rt-6.x.4708/toolchains/hndtools-arm-linux-2.6.36-uclibc-4.5.3/bin/../arm-brcm-linux-uclibcgnueabi/sysroot/usr/lib/libm.so

.gnu.version    0x0000b0aa        0x0
 *(SORT(.gnu.version))
 .gnu.version   0x00000000        0x0 /home/mlzboy/asuswrt-merlin-380.66/release/src-rt-6.x.4708/toolchains/hndtools-arm-linux-2.6.36-uclibc-4.5.3/bin/../arm-brcm-linux-uclibcgnueabi/sysroot/usr/lib/libm.so

.gnu.version_d  0x0000b0ac        0x0
 *(SORT(.gnu.version_d))
 .gnu.version_d
                0x00000000        0x0 /home/mlzboy/asuswrt-merlin-380.66/release/src-rt-6.x.4708/toolchains/hndtools-arm-linux-2.6.36-uclibc-4.5.3/bin/../arm-brcm-linux-uclibcgnueabi/sysroot/usr/lib/libm.so

.gnu.version_r  0x0000b0ac        0x0
 *(SORT(.gnu.version_r))
 .gnu.version_r
                0x00000000        0x0 /home/mlzboy/asuswrt-merlin-380.66/release/src-rt-6.x.4708/toolchains/hndtools-arm-linux-2.6.36-uclibc-4.5.3/bin/../arm-brcm-linux-uclibcgnueabi/sysroot/usr/lib/libm.so

.rel.dyn        0x0000b0ac       0x50
 *(SORT(.rel.init))
 *(SORT(.rel.text) SORT(.rel.text.*) SORT(.rel.gnu.linkonce.t.*))
 *(SORT(.rel.fini))
 *(SORT(.rel.rodata) SORT(.rel.rodata.*) SORT(.rel.gnu.linkonce.r.*))
 *(SORT(.rel.data.rel.ro*) SORT(.rel.gnu.linkonce.d.rel.ro.*))
 *(SORT(.rel.data) SORT(.rel.data.*) SORT(.rel.gnu.linkonce.d.*))
 *(SORT(.rel.tdata) SORT(.rel.tdata.*) SORT(.rel.gnu.linkonce.td.*))
 *(SORT(.rel.tbss) SORT(.rel.tbss.*) SORT(.rel.gnu.linkonce.tb.*))
 *(SORT(.rel.ctors))
 *(SORT(.rel.dtors))
 *(SORT(.rel.got))
 .rel.got       0x0000b0ac       0x10 /home/mlzboy/asuswrt-merlin-380.66/release/src-rt-6.x.4708/toolchains/hndtools-arm-linux-2.6.36-uclibc-4.5.3/bin/../arm-brcm-linux-uclibcgnueabi/sysroot/usr/lib/libm.so
 *(SORT(.rel.bss) SORT(.rel.bss.*) SORT(.rel.gnu.linkonce.b.*))
 .rel.bss       0x0000b0bc       0x40 /home/mlzboy/asuswrt-merlin-380.66/release/src-rt-6.x.4708/toolchains/hndtools-arm-linux-2.6.36-uclibc-4.5.3/bin/../arm-brcm-linux-uclibcgnueabi/sysroot/usr/lib/libm.so
                0x0000b0fc                PROVIDE (__rel_iplt_start, .)
 *(SORT(.rel.iplt))
                0x0000b0fc                PROVIDE (__rel_iplt_end, .)
                0x0000b0fc                PROVIDE (__rela_iplt_start, .)
                0x0000b0fc                PROVIDE (__rela_iplt_end, .)

.rela.dyn       0x0000b0fc        0x0
 *(SORT(.rela.init))
 *(SORT(.rela.text) SORT(.rela.text.*) SORT(.rela.gnu.linkonce.t.*))
 *(SORT(.rela.fini))
 *(SORT(.rela.rodata) SORT(.rela.rodata.*) SORT(.rela.gnu.linkonce.r.*))
 *(SORT(.rela.data) SORT(.rela.data.*) SORT(.rela.gnu.linkonce.d.*))
 *(SORT(.rela.tdata) SORT(.rela.tdata.*) SORT(.rela.gnu.linkonce.td.*))
 *(SORT(.rela.tbss) SORT(.rela.tbss.*) SORT(.rela.gnu.linkonce.tb.*))
 *(SORT(.rela.ctors))
 *(SORT(.rela.dtors))
 *(SORT(.rela.got))
 *(SORT(.rela.bss) SORT(.rela.bss.*) SORT(.rela.gnu.linkonce.b.*))
                0x0000b0fc                PROVIDE (__rel_iplt_start, .)
                0x0000b0fc                PROVIDE (__rel_iplt_end, .)
                0x0000b0fc                PROVIDE (__rela_iplt_start, .)
 *(SORT(.rela.iplt))
                0x0000b0fc                PROVIDE (__rela_iplt_end, .)

.rel.plt        0x0000b0fc      0xba8
 *(SORT(.rel.plt))
 .rel.plt       0x0000b0fc      0xba8 /home/mlzboy/asuswrt-merlin-380.66/release/src-rt-6.x.4708/toolchains/hndtools-arm-linux-2.6.36-uclibc-4.5.3/bin/../arm-brcm-linux-uclibcgnueabi/sysroot/usr/lib/libm.so

.rela.plt
 *(SORT(.rela.plt))

.init           0x0000bca4       0x10
 *(SORT(.init))
 .init          0x0000bca4        0xc /home/mlzboy/asuswrt-merlin-380.66/release/src-rt-6.x.4708/toolchains/hndtools-arm-linux-2.6.36-uclibc-4.5.3/bin/../arm-brcm-linux-uclibcgnueabi/sysroot/usr/lib/crti.o
                0x0000bca4                _init
 .init          0x0000bcb0        0x4 /home/mlzboy/asuswrt-merlin-380.66/release/src-rt-6.x.4708/toolchains/hndtools-arm-linux-2.6.36-uclibc-4.5.3/bin/../arm-brcm-linux-uclibcgnueabi/sysroot/usr/lib/crtn.o

.plt            0x0000bcb4     0x1190
 *(SORT(.plt))
 .plt           0x0000bcb4     0x1190 /home/mlzboy/asuswrt-merlin-380.66/release/src-rt-6.x.4708/toolchains/hndtools-arm-linux-2.6.36-uclibc-4.5.3/bin/../arm-brcm-linux-uclibcgnueabi/sysroot/usr/lib/libm.so
                0x0000bcc8                dirname
                0x0000bcd4                getpriority
                0x0000bce0                poll
                0x0000bcec                _setjmp
                0x0000bcf8                malloc_trim
                0x0000bd04                tcgetpgrp
                0x0000bd10                vasprintf
                0x0000bd1c                fchdir
                0x0000bd28                bind
                0x0000bd34                sysconf
                0x0000bd40                strcoll
                0x0000bd58                gethostbyname
                0x0000bd64                mbsrtowcs
                0x0000bd70                sqrt
                0x0000bd7c                strftime
                0x0000bd88                tcsendbreak
                0x0000bd94                mknod
                0x0000bda0                strtok_r
                0x0000bdac                __errno_location
                0x0000bdb8                inet_aton
                0x0000bdc4                readahead
                0x0000bdd0                fcntl64
                0x0000bddc                delete_module
                0x0000bde8                getenv
                0x0000bdf4                daemon
                0x0000be00                fwrite
                0x0000be0c                regexec
                0x0000be18                system
                0x0000be24                execle
                0x0000be30                pututline
                0x0000be3c                __res_state
                0x0000be48                adjtimex
                0x0000be54                usleep
                0x0000be60                memcpy
                0x0000be6c                mlock
                0x0000be78                umount2
                0x0000be84                connect
                0x0000be90                stpcpy
                0x0000be9c                uname
                0x0000bea8                div
                0x0000beb4                getline
                0x0000bec0                getpgrp
                0x0000becc                sleep
                0x0000bed8                realloc
                0x0000bee4                ether_aton_r
                0x0000bef0                syscall
                0x0000befc                send
                0x0000bf08                sigdelset
                0x0000bf14                vfprintf
                0x0000bf20                endmntent
                0x0000bf2c                sysinfo
                0x0000bf38                getegid
                0x0000bf44                freopen64
                0x0000bf50                readlink
                0x0000bf5c                setutent
                0x0000bf68                strspn
                0x0000bf74                tcgetsid
                0x0000bf80                getsockname
                0x0000bf8c                gettimeofday
                0x0000bf98                __res_init
                0x0000bfa4                strcat
                0x0000bfb0                fstat64
                0x0000bfbc                feof
                0x0000bfc8                scanf
                0x0000bfd4                realpath
                0x0000bfe0                lchown
                0x0000bfec                execve
                0x0000bff8                chown
                0x0000c004                rmdir
                0x0000c010                symlink
                0x0000c01c                openlog
                0x0000c028                putenv
                0x0000c034                getcwd
                0x0000c040                __cmsg_nxthdr
                0x0000c04c                getnameinfo
                0x0000c058                setenv
                0x0000c064                strcasecmp
                0x0000c070                ptsname_r
                0x0000c07c                sched_get_priority_max
                0x0000c088                mkdtemp
                0x0000c094                freeaddrinfo
                0x0000c0a0                strtoul
                0x0000c0ac                mkdir
                0x0000c0b8                fseeko64
                0x0000c0c4                malloc
                0x0000c0d0                klogctl
                0x0000c0dc                strrchr
                0x0000c0e8                strncmp
                0x0000c0f4                swapon
                0x0000c100                __uClibc_main
                0x0000c10c                inet_pton
                0x0000c118                fopen64
                0x0000c124                fgets_unlocked
                0x0000c130                getmntent_r
                0x0000c13c                __gnu_Unwind_Find_exidx
                0x0000c148                setlinebuf
                0x0000c154                ioctl
                0x0000c16c                recv
                0x0000c178                strlen
                0x0000c184                ctime
                0x0000c190                opendir
                0x0000c19c                acct
                0x0000c1a8                setmntent
                0x0000c1b4                strtod
                0x0000c1c0                pause
                0x0000c1cc                if_indextoname
                0x0000c1d8                __cxa_atexit
                0x0000c1e4                sched_get_priority_min
                0x0000c1f0                sendto
                0x0000c1fc                strtol
                0x0000c208                cfgetospeed
                0x0000c214                gmtime
                0x0000c220                sendmsg
                0x0000c22c                ttyname_r
                0x0000c238                snprintf
                0x0000c244                setpgid
                0x0000c250                dup
                0x0000c25c                dup2
                0x0000c268                settimeofday
                0x0000c274                getutent
                0x0000c280                read
                0x0000c28c                lseek64
                0x0000c298                execv
                0x0000c2a4                localtime_r
                0x0000c2b0                wcwidth
                0x0000c2bc                select
                0x0000c2c8                cfsetispeed
                0x0000c2d4                _exit
                0x0000c2e0                strncasecmp
                0x0000c2ec                personality
                0x0000c2f8                cfsetspeed
                0x0000c304                mbstowcs
                0x0000c310                __fputc_unlocked
                0x0000c31c                access
                0x0000c328                fdopen
                0x0000c334                setbuf
                0x0000c340                stat64
                0x0000c34c                ftello64
                0x0000c358                __aeabi_d2ulz
                0x0000c364                getopt_long_only
                0x0000c370                wait
                0x0000c37c                getpid
                0x0000c388                sethostname
                0x0000c394                sched_yield
                0x0000c3a0                __fgetc_unlocked
                0x0000c3ac                strtoull
                0x0000c3b8                sigprocmask
                0x0000c3c4                mktime
                0x0000c3d0                memmove
                0x0000c3dc                gethostid
                0x0000c3e8                strsep
                0x0000c3f4                pclose
                0x0000c400                getpagesize
                0x0000c40c                fclose
                0x0000c418                mktemp
                0x0000c424                cfmakeraw
                0x0000c430                setsockopt
                0x0000c43c                fread
                0x0000c448                wait3
                0x0000c454                bsearch
                0x0000c460                tcdrain
                0x0000c46c                cfsetospeed
                0x0000c478                vsprintf
                0x0000c484                pivot_root
                0x0000c490                log
                0x0000c49c                munlock
                0x0000c4a8                chmod
                0x0000c4b4                dprintf
                0x0000c4c0                tcsetpgrp
                0x0000c4cc                lstat64
                0x0000c4d8                getpeername
                0x0000c4e4                mallopt
                0x0000c4f0                cfgetispeed
                0x0000c4fc                ether_hostton
                0x0000c508                updwtmp
                0x0000c514                time
                0x0000c520                setpgrp
                0x0000c52c                strtok
                0x0000c538                fileno
                0x0000c544                vprintf
                0x0000c550                write
                0x0000c55c                getsockopt
                0x0000c568                setvbuf
                0x0000c574                asprintf
                0x0000c580                atoll
                0x0000c58c                isatty
                0x0000c598                times
                0x0000c5a4                closedir
                0x0000c5b0                strchrnul
                0x0000c5bc                longjmp
                0x0000c5c8                __aeabi_d2lz
                0x0000c5d4                setpriority
                0x0000c5e0                iswprint
                0x0000c5ec                killpg
                0x0000c5f8                localtime
                0x0000c604                close
                0x0000c610                fputc
                0x0000c61c                swapoff
                0x0000c628                setsid
                0x0000c634                unlockpt
                0x0000c640                mkfifo
                0x0000c64c                tzset
                0x0000c658                mempcpy
                0x0000c664                shmget
                0x0000c670                regfree
                0x0000c67c                sigaction
                0x0000c688                ferror
                0x0000c694                umask
                0x0000c6a0                sscanf
                0x0000c6ac                pread64
                0x0000c6b8                strncpy
                0x0000c6c4                strptime
                0x0000c6d0                semctl
                0x0000c6dc                mmap64
                0x0000c6e8                socketpair
                0x0000c6f4                shmat
                0x0000c700                tcsetattr
                0x0000c70c                shmdt
                0x0000c718                sigaddset
                0x0000c724                nice
                0x0000c730                link
                0x0000c73c                atof
                0x0000c748                init_module
                0x0000c754                fputs
                0x0000c760                gmtime_r
                0x0000c76c                setuid
                0x0000c778                setresuid
                0x0000c784                tcgetattr
                0x0000c790                unsetenv
                0x0000c79c                _stdlib_mb_cur_max
                0x0000c7a8                utmpname
                0x0000c7b4                unshare
                0x0000c7c0                getppid
                0x0000c7cc                chdir
                0x0000c7d8                unlink
                0x0000c7e4                execl
                0x0000c7f0                closelog
                0x0000c7fc                sync
                0x0000c808                sched_getscheduler
                0x0000c814                regerror
                0x0000c820                __sigsetjmp
                0x0000c82c                fflush
                0x0000c838                memset
                0x0000c844                inet_ntoa
                0x0000c850                hstrerror
                0x0000c85c                if_nametoindex
                0x0000c868                qsort
                0x0000c874                __h_errno_location
                0x0000c880                flock
                0x0000c88c                wcrtomb
                0x0000c898                stime
                0x0000c8a4                fdatasync
                0x0000c8b0                munmap
                0x0000c8bc                getservbyport
                0x0000c8c8                vfork
                0x0000c8d4                getuid
                0x0000c8e0                tcflush
                0x0000c8ec                fprintf
                0x0000c8f8                sigtimedwait
                0x0000c904                nanosleep
                0x0000c910                utimes
                0x0000c91c                recvmsg
                0x0000c928                inet_addr
                0x0000c934                fnmatch
                0x0000c940                strcspn
                0x0000c94c                setgroups
                0x0000c958                shmctl
                0x0000c964                abort
                0x0000c970                memcmp
                0x0000c97c                vsnprintf
                0x0000c988                fchown
                0x0000c994                recvfrom
                0x0000c9a0                syslog
                0x0000c9ac                sprintf
                0x0000c9b8                lutimes
                0x0000c9c4                clearerr
                0x0000c9d0                endutent
                0x0000c9dc                strcasestr
                0x0000c9e8                strnlen
                0x0000c9f4                socket
                0x0000ca00                exp
                0x0000ca0c                siglongjmp
                0x0000ca18                fputs_unlocked
                0x0000ca24                sin
                0x0000ca30                regcomp
                0x0000ca3c                rand
                0x0000ca48                memchr
                0x0000ca54                statfs64
                0x0000ca60                getlogin_r
                0x0000ca78                exit
                0x0000ca84                creat64
                0x0000ca90                rename
                0x0000ca9c                fork
                0x0000caa8                globfree64
                0x0000cab4                semget
                0x0000cac0                sched_getparam
                0x0000cacc                getmntent
                0x0000cad8                raise
                0x0000cae4                pow
                0x0000caf0                semop
                0x0000cafc                strstr
                0x0000cb08                seteuid
                0x0000cb14                open64
                0x0000cb20                getsid
                0x0000cb2c                strcmp
                0x0000cb38                atan2
                0x0000cb44                setegid
                0x0000cb50                getopt
                0x0000cb5c                waitpid
                0x0000cb68                execlp
                0x0000cb74                setrlimit64
                0x0000cb80                ungetc
                0x0000cb8c                accept
                0x0000cb98                mount
                0x0000cba4                free
                0x0000cbb0                atoi
                0x0000cbbc                strpbrk
                0x0000cbc8                strverscmp
                0x0000cbd4                alarm
                0x0000cbe0                strchr
                0x0000cbec                fchmod
                0x0000cbf8                strtoll
                0x0000cc04                fsync
                0x0000cc10                glob64
                0x0000cc1c                cos
                0x0000cc28                getgid
                0x0000cc34                strerror
                0x0000cc40                sendfile64
                0x0000cc4c                listen
                0x0000cc58                srand
                0x0000cc64                printf
                0x0000cc70                getopt_long
                0x0000cc7c                popen
                0x0000cc88                getservbyname
                0x0000cc94                msgget
                0x0000cca0                mkstemp64
                0x0000ccac                strdup
                0x0000ccb8                setlocale
                0x0000ccc4                puts
                0x0000ccd0                fscanf
                0x0000ccdc                msgctl
                0x0000cce8                setresgid
                0x0000ccf4                setgid
                0x0000cd00                ftruncate64
                0x0000cd0c                sched_setscheduler
                0x0000cd18                getrlimit64
                0x0000cd24                execvp
                0x0000cd30                signal
                0x0000cd3c                getusershell
                0x0000cd48                inet_ntop
                0x0000cd54                reboot
                0x0000cd60                gethostbyaddr
                0x0000cd6c                readdir64
                0x0000cd78                strsignal
                0x0000cd84                pipe
                0x0000cd90                sigsuspend
                0x0000cd9c                getaddrinfo
                0x0000cda8                wcstombs
                0x0000cdb4                hasmntopt
                0x0000cdc0                memrchr
                0x0000cdcc                chroot
                0x0000cdd8                strcpy
                0x0000cde4                kill
                0x0000cdf0                geteuid
                0x0000cdfc                clearenv
                0x0000ce14                grantpt
                0x0000ce20                sigismember
                0x0000ce2c                shutdown
                0x0000ce38                getgroups

.iplt
 *(SORT(.iplt))

.text           0x0000ce44    0xb97b8
 *(SORT(.text.unlikely) SORT(.text.*_unlikely))
 *(SORT(.text.exit) SORT(.text.exit.*))
 *(SORT(.text.startup) SORT(.text.startup.*))
 *(SORT(.text.hot) SORT(.text.hot.*))
 *(SORT(.text) SORT(.stub) SORT(.text.*) SORT(.gnu.linkonce.t.*))
 .text          0x0000ce44       0x3c /home/mlzboy/asuswrt-merlin-380.66/release/src-rt-6.x.4708/toolchains/hndtools-arm-linux-2.6.36-uclibc-4.5.3/bin/../arm-brcm-linux-uclibcgnueabi/sysroot/usr/lib/crt1.o
                0x0000ce44                _start
 .text          0x0000ce80       0x98 /home/mlzboy/asuswrt-merlin-380.66/release/src-rt-6.x.4708/toolchains/hndtools-arm-linux-2.6.36-uclibc-4.5.3/bin/../lib/gcc/arm-brcm-linux-uclibcgnueabi/4.5.3/crtbegin.o
 .text.get_trimmed_slice
                0x0000cf18       0x34 libbb/lib.a(appletlib.o)
 .text.find_applet_by_name
                0x0000cf4c       0xb0 libbb/lib.a(appletlib.o)
                0x0000cf4c                find_applet_by_name
 .text.parse_config_file
                0x0000cffc      0x30c libbb/lib.a(appletlib.o)
 .text.bb_show_usage
                0x0000d308       0xf0 libbb/lib.a(appletlib.o)
                0x0000d308                bb_show_usage
 .text.lbb_prepare
                0x0000d3f8       0x38 libbb/lib.a(appletlib.o)
                0x0000d3f8                lbb_prepare
 .text.run_applet_no_and_exit
                0x0000d430      0x248 libbb/lib.a(appletlib.o)
                0x0000d430                run_applet_no_and_exit
 .text.run_applet_and_exit
                0x0000d678      0x364 libbb/lib.a(appletlib.o)
 .text.main     0x0000d9dc       0x6c libbb/lib.a(appletlib.o)
                0x0000d9dc                main
 .text.is_prefixed_with
                0x0000da48       0x34 libbb/lib.a(compare_string_array.o)
                0x0000da48                is_prefixed_with
 .text.index_in_strings
                0x0000da7c       0x54 libbb/lib.a(compare_string_array.o)
                0x0000da7c                index_in_strings
 .text.index_in_substrings
                0x0000dad0       0x8c libbb/lib.a(compare_string_array.o)
                0x0000dad0                index_in_substrings
 .text.nth_string
                0x0000db5c       0x34 libbb/lib.a(compare_string_array.o)
                0x0000db5c                nth_string
 .text.concat_path_file
                0x0000db90       0x60 libbb/lib.a(concat_path_file.o)
                0x0000db90                concat_path_file
 .text.bb_basename
                0x0000dbf0       0x20 libbb/lib.a(get_last_path_component.o)
                0x0000dbf0                bb_basename
 .text.bb_get_last_path_component_nostrip
                0x0000dc10       0x38 libbb/lib.a(get_last_path_component.o)
                0x0000dc10                bb_get_last_path_component_nostrip
 .text.bb_get_last_path_component_strip
                0x0000dc48       0x50 libbb/lib.a(get_last_path_component.o)
                0x0000dc48                bb_get_last_path_component_strip
 .text.last_char_is
                0x0000dc98       0x3c libbb/lib.a(last_char_is.o)
                0x0000dc98                last_char_is
 .text.llist_add_to
                0x0000dcd4       0x24 libbb/lib.a(llist.o)
                0x0000dcd4                llist_add_to
 .text.llist_add_to_end
                0x0000dcf8       0x34 libbb/lib.a(llist.o)
                0x0000dcf8                llist_add_to_end
 .text.llist_pop
                0x0000dd2c       0x2c libbb/lib.a(llist.o)
                0x0000dd2c                llist_pop
 .text.llist_unlink
                0x0000dd58       0x34 libbb/lib.a(llist.o)
                0x0000dd58                llist_unlink
 .text.llist_free
                0x0000dd8c       0x38 libbb/lib.a(llist.o)
                0x0000dd8c                llist_free
 .text.llist_find_str
                0x0000ddc4       0x38 libbb/lib.a(llist.o)
                0x0000ddc4                llist_find_str
 .text.bb_perror_msg
                0x0000ddfc       0x48 libbb/lib.a(perror_msg.o)
                0x0000ddfc                bb_perror_msg
 .text.bb_perror_msg_and_die
                0x0000de44       0x40 libbb/lib.a(perror_msg.o)
                0x0000de44                bb_perror_msg_and_die
 .text.bb_simple_perror_msg
                0x0000de84       0x10 libbb/lib.a(perror_msg.o)
                0x0000de84                bb_simple_perror_msg
 .text.bb_simple_perror_msg_and_die
                0x0000de94       0x14 libbb/lib.a(perror_msg.o)
                0x0000de94                bb_simple_perror_msg_and_die
 .text.skip_whitespace
                0x0000dea8       0x24 libbb/lib.a(skip_whitespace.o)
                0x0000dea8                skip_whitespace
 .text.skip_non_whitespace
                0x0000decc       0x2c libbb/lib.a(skip_whitespace.o)
                0x0000decc                skip_non_whitespace
 .text.skip_dev_pfx
                0x0000def8       0x24 libbb/lib.a(skip_whitespace.o)
                0x0000def8                skip_dev_pfx
 .text.bb_verror_msg
                0x0000df1c      0x214 libbb/lib.a(verror_msg.o)
                0x0000df1c                bb_verror_msg
 .text.bb_error_msg_and_die
                0x0000e130       0x20 libbb/lib.a(verror_msg.o)
                0x0000e130                bb_error_msg_and_die
 .text.bb_error_msg
                0x0000e150       0x28 libbb/lib.a(verror_msg.o)
                0x0000e150                bb_error_msg
 .text.xfdopen_helper
                0x0000e178       0x38 libbb/lib.a(wfopen.o)
 .text.fopen_or_warn
                0x0000e1b0       0x24 libbb/lib.a(wfopen.o)
                0x0000e1b0                fopen_or_warn
 .text.fopen_for_read
                0x0000e1d4        0xc libbb/lib.a(wfopen.o)
                0x0000e1d4                fopen_for_read
 .text.xfopen_for_read
                0x0000e1e0        0xc libbb/lib.a(wfopen.o)
                0x0000e1e0                xfopen_for_read
 .text.fopen_for_write
                0x0000e1ec        0xc libbb/lib.a(wfopen.o)
                0x0000e1ec                fopen_for_write
 .text.xfopen_for_write
                0x0000e1f8        0xc libbb/lib.a(wfopen.o)
                0x0000e1f8                xfopen_for_write
 .text.xfdopen_for_read
                0x0000e204        0x8 libbb/lib.a(wfopen.o)
                0x0000e204                xfdopen_for_read
 .text.xfdopen_for_write
                0x0000e20c        0xc libbb/lib.a(wfopen.o)
                0x0000e20c                xfdopen_for_write
 .text.xfunc_die
                0x0000e218       0x2c libbb/lib.a(xfunc_die.o)
                0x0000e218                xfunc_die
 .text.wh_helper
                0x0000e244       0x4c libbb/lib.a(xfuncs.o)
 .text.ndelay_on
                0x0000e290       0x34 libbb/lib.a(xfuncs.o)
                0x0000e290                ndelay_on
 .text.ndelay_off
                0x0000e2c4       0x34 libbb/lib.a(xfuncs.o)
                0x0000e2c4                ndelay_off
 .text.close_on_exec_on
                0x0000e2f8        0xc libbb/lib.a(xfuncs.o)
                0x0000e2f8                close_on_exec_on
 .text.strncpy_IFNAMSIZ
                0x0000e304        0x8 libbb/lib.a(xfuncs.o)
                0x0000e304                strncpy_IFNAMSIZ
 .text.utoa_to_buf
                0x0000e30c       0x94 libbb/lib.a(xfuncs.o)
                0x0000e30c                utoa_to_buf
 .text.itoa_to_buf
                0x0000e3a0       0x28 libbb/lib.a(xfuncs.o)
                0x0000e3a0                itoa_to_buf
 .text.utoa     0x0000e3c8       0x28 libbb/lib.a(xfuncs.o)
                0x0000e3c8                utoa
 .text.itoa     0x0000e3f0       0x28 libbb/lib.a(xfuncs.o)
                0x0000e3f0                itoa
 .text.bin2hex  0x0000e418       0x50 libbb/lib.a(xfuncs.o)
                0x0000e418                bin2hex
 .text.hex2bin  0x0000e468       0xf0 libbb/lib.a(xfuncs.o)
                0x0000e468                hex2bin
 .text.bb_putchar_stderr
                0x0000e558       0x1c libbb/lib.a(xfuncs.o)
                0x0000e558                bb_putchar_stderr
 .text.full_write1_str
                0x0000e574       0x20 libbb/lib.a(xfuncs.o)
                0x0000e574                full_write1_str
 .text.full_write2_str
                0x0000e594       0x20 libbb/lib.a(xfuncs.o)
                0x0000e594                full_write2_str
 .text.get_terminal_width_height
                0x0000e5b4       0x98 libbb/lib.a(xfuncs.o)
                0x0000e5b4                get_terminal_width_height
 .text.get_terminal_width
                0x0000e64c       0x18 libbb/lib.a(xfuncs.o)
                0x0000e64c                get_terminal_width
 .text.tcsetattr_stdin_TCSANOW
                0x0000e664       0x10 libbb/lib.a(xfuncs.o)
                0x0000e664                tcsetattr_stdin_TCSANOW
 .text.safe_waitpid
                0x0000e674       0x44 libbb/lib.a(xfuncs.o)
                0x0000e674                safe_waitpid
 .text.wait_any_nohang
                0x0000e6b8       0x10 libbb/lib.a(xfuncs.o)
                0x0000e6b8                wait_any_nohang
 .text.wait4pid
                0x0000e6c8       0x4c libbb/lib.a(xfuncs.o)
                0x0000e6c8                wait4pid
 .text.wait_for_exitstatus
                0x0000e714       0x2c libbb/lib.a(xfuncs.o)
                0x0000e714                wait_for_exitstatus
 .text.malloc_or_warn
                0x0000e740       0x3c libbb/lib.a(xfuncs_printf.o)
                0x0000e740                malloc_or_warn
 .text.xmalloc  0x0000e77c       0x30 libbb/lib.a(xfuncs_printf.o)
                0x0000e77c                xmalloc
 .text.xrealloc
                0x0000e7ac       0x30 libbb/lib.a(xfuncs_printf.o)
                0x0000e7ac                xrealloc
 .text.xzalloc  0x0000e7dc       0x24 libbb/lib.a(xfuncs_printf.o)
                0x0000e7dc                xzalloc
 .text.xstrdup  0x0000e800       0x2c libbb/lib.a(xfuncs_printf.o)
                0x0000e800                xstrdup
 .text.xstrndup
                0x0000e82c       0x50 libbb/lib.a(xfuncs_printf.o)
                0x0000e82c                xstrndup
 .text.xmemdup  0x0000e87c       0x24 libbb/lib.a(xfuncs_printf.o)
                0x0000e87c                xmemdup
 .text.xfopen   0x0000e8a0       0x24 libbb/lib.a(xfuncs_printf.o)
                0x0000e8a0                xfopen
 .text.xopen3   0x0000e8c4       0x24 libbb/lib.a(xfuncs_printf.o)
                0x0000e8c4                xopen3
 .text.xopen    0x0000e8e8        0x8 libbb/lib.a(xfuncs_printf.o)
                0x0000e8e8                xopen
 .text.open3_or_warn
                0x0000e8f0       0x2c libbb/lib.a(xfuncs_printf.o)
                0x0000e8f0                open3_or_warn
 .text.open_or_warn
                0x0000e91c        0x8 libbb/lib.a(xfuncs_printf.o)
                0x0000e91c                open_or_warn
 .text.xopen_nonblocking
                0x0000e924        0x8 libbb/lib.a(xfuncs_printf.o)
                0x0000e924                xopen_nonblocking
 .text.xunlink  0x0000e92c       0x24 libbb/lib.a(xfuncs_printf.o)
                0x0000e92c                xunlink
 .text.xrename  0x0000e950       0x2c libbb/lib.a(xfuncs_printf.o)
                0x0000e950                xrename
 .text.rename_or_warn
                0x0000e97c       0x34 libbb/lib.a(xfuncs_printf.o)
                0x0000e97c                rename_or_warn
 .text.xpipe    0x0000e9b0       0x1c libbb/lib.a(xfuncs_printf.o)
                0x0000e9b0                xpipe
 .text.xdup2    0x0000e9cc       0x20 libbb/lib.a(xfuncs_printf.o)
                0x0000e9cc                xdup2
 .text.xmove_fd
                0x0000e9ec       0x20 libbb/lib.a(xfuncs_printf.o)
                0x0000e9ec                xmove_fd
 .text.xwrite   0x0000ea0c       0x24 libbb/lib.a(xfuncs_printf.o)
                0x0000ea0c                xwrite
 .text.xwrite_str
                0x0000ea30       0x28 libbb/lib.a(xfuncs_printf.o)
                0x0000ea30                xwrite_str
 .text.xclose   0x0000ea58       0x1c libbb/lib.a(xfuncs_printf.o)
                0x0000ea58                xclose
 .text.xlseek   0x0000ea74       0x54 libbb/lib.a(xfuncs_printf.o)
                0x0000ea74                xlseek
 .text.xmkstemp
                0x0000eac8       0x24 libbb/lib.a(xfuncs_printf.o)
                0x0000eac8                xmkstemp
 .text.die_if_ferror
                0x0000eaec       0x24 libbb/lib.a(xfuncs_printf.o)
                0x0000eaec                die_if_ferror
 .text.die_if_ferror_stdout
                0x0000eb10       0x18 libbb/lib.a(xfuncs_printf.o)
                0x0000eb10                die_if_ferror_stdout
 .text.fflush_all
                0x0000eb28        0x8 libbb/lib.a(xfuncs_printf.o)
                0x0000eb28                fflush_all
 .text.bb_putchar
                0x0000eb30       0x10 libbb/lib.a(xfuncs_printf.o)
                0x0000eb30                bb_putchar
 .text.xprint_and_close_file
                0x0000eb40       0x3c libbb/lib.a(xfuncs_printf.o)
                0x0000eb40                xprint_and_close_file
 .text.xasprintf
                0x0000eb7c       0x40 libbb/lib.a(xfuncs_printf.o)
                0x0000eb7c                xasprintf
 .text.xsetenv  0x0000ebbc       0x20 libbb/lib.a(xfuncs_printf.o)
                0x0000ebbc                xsetenv
 .text.bb_unsetenv
                0x0000ebdc       0x44 libbb/lib.a(xfuncs_printf.o)
                0x0000ebdc                bb_unsetenv
 .text.bb_unsetenv_and_free
                0x0000ec20       0x18 libbb/lib.a(xfuncs_printf.o)
                0x0000ec20                bb_unsetenv_and_free
 .text.xsetgid  0x0000ec38       0x1c libbb/lib.a(xfuncs_printf.o)
                0x0000ec38                xsetgid
 .text.xsetuid  0x0000ec54       0x1c libbb/lib.a(xfuncs_printf.o)
                0x0000ec54                xsetuid
 .text.xsetegid
                0x0000ec70       0x1c libbb/lib.a(xfuncs_printf.o)
                0x0000ec70                xsetegid
 .text.xseteuid
                0x0000ec8c       0x1c libbb/lib.a(xfuncs_printf.o)
                0x0000ec8c                xseteuid
 .text.xopen_as_uid_gid
                0x0000eca8       0x5c libbb/lib.a(xfuncs_printf.o)
                0x0000eca8                xopen_as_uid_gid
 .text.xchdir   0x0000ed04       0x24 libbb/lib.a(xfuncs_printf.o)
                0x0000ed04                xchdir
 .text.xfchdir  0x0000ed28       0x1c libbb/lib.a(xfuncs_printf.o)
                0x0000ed28                xfchdir
 .text.xchroot  0x0000ed44       0x34 libbb/lib.a(xfuncs_printf.o)
                0x0000ed44                xchroot
 .text.warn_opendir
                0x0000ed78       0x2c libbb/lib.a(xfuncs_printf.o)
                0x0000ed78                warn_opendir
 .text.xopendir
                0x0000eda4       0x24 libbb/lib.a(xfuncs_printf.o)
                0x0000eda4                xopendir
 .text.xsocket  0x0000edc8       0x1c libbb/lib.a(xfuncs_printf.o)
                0x0000edc8                xsocket
 .text.xbind    0x0000ede4       0x1c libbb/lib.a(xfuncs_printf.o)
                0x0000ede4                xbind
 .text.xlisten  0x0000ee00       0x1c libbb/lib.a(xfuncs_printf.o)
                0x0000ee00                xlisten
 .text.xsendto  0x0000ee1c       0x30 libbb/lib.a(xfuncs_printf.o)
                0x0000ee1c                xsendto
 .text.xstat    0x0000ee4c       0x24 libbb/lib.a(xfuncs_printf.o)
                0x0000ee4c                xstat
 .text.xfstat   0x0000ee70       0x1c libbb/lib.a(xfuncs_printf.o)
                0x0000ee70                xfstat
 .text.ioctl_or_perror_and_die
                0x0000ee8c       0x50 libbb/lib.a(xfuncs_printf.o)
                0x0000ee8c                ioctl_or_perror_and_die
 .text.ioctl_or_perror
                0x0000eedc       0x50 libbb/lib.a(xfuncs_printf.o)
                0x0000eedc                ioctl_or_perror
 .text.bb_ioctl_or_warn
                0x0000ef2c       0x24 libbb/lib.a(xfuncs_printf.o)
                0x0000ef2c                bb_ioctl_or_warn
 .text.bb_xioctl
                0x0000ef50       0x1c libbb/lib.a(xfuncs_printf.o)
                0x0000ef50                bb_xioctl
 .text.xmalloc_ttyname
                0x0000ef6c       0x34 libbb/lib.a(xfuncs_printf.o)
                0x0000ef6c                xmalloc_ttyname
 .text.generate_uuid
                0x0000efa0       0xa4 libbb/lib.a(xfuncs_printf.o)
                0x0000efa0                generate_uuid
 .text.xfork    0x0000f044       0x1c libbb/lib.a(xfuncs_printf.o)
                0x0000f044                xfork
 .text.xvfork_parent_waits_and_exits
                0x0000f060       0x4c libbb/lib.a(xfuncs_printf.o)
                0x0000f060                xvfork_parent_waits_and_exits
 .text.xmalloc_readlink
                0x0000f0ac       0x64 libbb/lib.a(xreadlink.o)
                0x0000f0ac                xmalloc_readlink
 .text.xmalloc_follow_symlinks
                0x0000f110       0xc0 libbb/lib.a(xreadlink.o)
                0x0000f110                xmalloc_follow_symlinks
 .text.xmalloc_readlink_or_warn
                0x0000f1d0       0x54 libbb/lib.a(xreadlink.o)
                0x0000f1d0                xmalloc_readlink_or_warn
 .text.xmalloc_realpath
                0x0000f224        0x8 libbb/lib.a(xreadlink.o)
                0x0000f224                xmalloc_realpath
 .text.bb_full_fd_action
                0x0000f22c      0x190 libbb/lib.a(copyfd.o)
 .text.bb_copyfd_size
                0x0000f3bc       0x18 libbb/lib.a(copyfd.o)
                0x0000f3bc                bb_copyfd_size
 .text.bb_copyfd_exact_size
                0x0000f3d4       0x58 libbb/lib.a(copyfd.o)
                0x0000f3d4                bb_copyfd_exact_size
 .text.bb_copyfd_eof
                0x0000f42c        0xc libbb/lib.a(copyfd.o)
                0x0000f42c                bb_copyfd_eof
 .text.full_write
                0x0000f438       0x58 libbb/lib.a(full_write.o)
                0x0000f438                full_write
 .text.safe_read
                0x0000f490       0x44 libbb/lib.a(read.o)
                0x0000f490                safe_read
 .text.full_read
                0x0000f4d4       0x5c libbb/lib.a(read.o)
                0x0000f4d4                full_read
 .text.read_close
                0x0000f530       0x20 libbb/lib.a(read.o)
                0x0000f530                read_close
 .text.open_read_close
                0x0000f550       0x2c libbb/lib.a(read.o)
                0x0000f550                open_read_close
 .text.safe_write
                0x0000f57c       0x44 libbb/lib.a(safe_write.o)
                0x0000f57c                safe_write
 .text.record_signo
                0x0000f5c0       0x10 libbb/lib.a(signals.o)
                0x0000f5c0                record_signo
 .text.sigaction_set
                0x0000f5d0        0x8 libbb/lib.a(signals.o)
                0x0000f5d0                sigaction_set
 .text.sigprocmask_allsigs
                0x0000f5d8       0x20 libbb/lib.a(signals.o)
                0x0000f5d8                sigprocmask_allsigs
 .text.bb_signals
                0x0000f5f8       0x44 libbb/lib.a(signals.o)
                0x0000f5f8                bb_signals
 .text.bb_signals_recursive_norestart
                0x0000f63c       0x64 libbb/lib.a(signals.o)
                0x0000f63c                bb_signals_recursive_norestart
 .text.sig_block
                0x0000f6a0       0x34 libbb/lib.a(signals.o)
                0x0000f6a0                sig_block
 .text.sig_unblock
                0x0000f6d4       0x34 libbb/lib.a(signals.o)
                0x0000f6d4                sig_unblock
 .text.wait_for_any_sig
                0x0000f708       0x1c libbb/lib.a(signals.o)
                0x0000f708                wait_for_any_sig
 .text.kill_myself_with_sig
                0x0000f724       0x28 libbb/lib.a(signals.o)
                0x0000f724                kill_myself_with_sig
 .text.signal_SA_RESTART_empty_mask
                0x0000f74c       0x44 libbb/lib.a(signals.o)
                0x0000f74c                signal_SA_RESTART_empty_mask
 .text.signal_no_SA_RESTART_empty_mask
                0x0000f790       0x3c libbb/lib.a(signals.o)
                0x0000f790                signal_no_SA_RESTART_empty_mask
 .text.get_mono
                0x0000f7cc       0x28 libbb/lib.a(time.o)
 .text.strftime_fmt
                0x0000f7f4       0x48 libbb/lib.a(time.o)
 .text.parse_datestr
                0x0000f83c      0x4b8 libbb/lib.a(time.o)
                0x0000f83c                parse_datestr
 .text.validate_tm_time
                0x0000fcf4       0x28 libbb/lib.a(time.o)
                0x0000fcf4                validate_tm_time
 .text.strftime_HHMMSS
                0x0000fd1c        0xc libbb/lib.a(time.o)
                0x0000fd1c                strftime_HHMMSS
 .text.strftime_YYYYMMDDHHMMSS
                0x0000fd28        0xc libbb/lib.a(time.o)
                0x0000fd28                strftime_YYYYMMDDHHMMSS
 .text.monotonic_us
                0x0000fd34       0x40 libbb/lib.a(time.o)
                0x0000fd34                monotonic_us
 .text.monotonic_ms
                0x0000fd74       0x40 libbb/lib.a(time.o)
                0x0000fd74                monotonic_ms
 .text.monotonic_sec
                0x0000fdb4       0x14 libbb/lib.a(time.o)
                0x0000fdb4                monotonic_sec
 .text.ret_ERANGE
                0x0000fdc8       0x20 libbb/lib.a(bb_strtonum.o)
 .text.handle_errors.clone.0
                0x0000fde8       0x58 libbb/lib.a(bb_strtonum.o)
 .text.bb_strtoull
                0x0000fe40       0x68 libbb/lib.a(bb_strtonum.o)
                0x0000fe40                bb_strtoull
 .text.bb_strtoll
                0x0000fea8       0x70 libbb/lib.a(bb_strtonum.o)
                0x0000fea8                bb_strtoll
 .text.bb_strtoul
                0x0000ff18       0x6c libbb/lib.a(bb_strtonum.o)
                0x0000ff18                bb_strtoul
 .text.bb_strtol
                0x0000ff84       0x74 libbb/lib.a(bb_strtonum.o)
                0x0000ff84                bb_strtol
 .text.get_S    0x0000fff8      0x118 libpwdgrp/lib.a(pwd_grp.o)
 .text.tokenize
                0x00010110       0xc8 libpwdgrp/lib.a(pwd_grp.o)
 .text.convert_to_struct
                0x000101d8      0x18c libpwdgrp/lib.a(pwd_grp.o)
 .text.parse_common
                0x00010364       0xf8 libpwdgrp/lib.a(pwd_grp.o)
 .text.getgrouplist_internal
                0x0001045c       0xf8 libpwdgrp/lib.a(pwd_grp.o)
 .text.parse_file
                0x00010554       0x48 libpwdgrp/lib.a(pwd_grp.o)
 .text.getXXnam_r
                0x0001059c       0xac libpwdgrp/lib.a(pwd_grp.o)
 .text.massage_data_for_non_r_func
                0x00010648       0x78 libpwdgrp/lib.a(pwd_grp.o)
 .text.getXXnam
                0x000106c0       0x38 libpwdgrp/lib.a(pwd_grp.o)
 .text.bb_internal_getspnam_r
                0x000106f8       0x10 libpwdgrp/lib.a(pwd_grp.o)
                0x000106f8                bb_internal_getspnam_r
 .text.bb_internal_getpwent
                0x00010708       0x58 libpwdgrp/lib.a(pwd_grp.o)
                0x00010708                bb_internal_getpwent
 .text.bb_internal_getpwnam
                0x00010760        0x8 libpwdgrp/lib.a(pwd_grp.o)
                0x00010760                bb_internal_getpwnam
 .text.bb_internal_getgrnam
                0x00010768        0x8 libpwdgrp/lib.a(pwd_grp.o)
                0x00010768                bb_internal_getgrnam
 .text.bb_internal_getpwuid
                0x00010770       0x14 libpwdgrp/lib.a(pwd_grp.o)
                0x00010770                bb_internal_getpwuid
 .text.bb_internal_getgrgid
                0x00010784       0x14 libpwdgrp/lib.a(pwd_grp.o)
                0x00010784                bb_internal_getgrgid
 .text.bb_internal_endgrent
                0x00010798       0x38 libpwdgrp/lib.a(pwd_grp.o)
                0x00010798                bb_internal_endgrent
 .text.bb_internal_initgroups
                0x000107d0       0x3c libpwdgrp/lib.a(pwd_grp.o)
                0x000107d0                bb_internal_initgroups
 .text.bb_internal_getgrouplist
                0x0001080c       0x5c libpwdgrp/lib.a(pwd_grp.o)
                0x0001080c                bb_internal_getgrouplist
 .text.get_uidgid
                0x00010868      0x104 libpwdgrp/lib.a(uidgid_get.o)
                0x00010868                get_uidgid
 .text.xget_uidgid
                0x0001096c       0x24 libpwdgrp/lib.a(uidgid_get.o)
                0x0001096c                xget_uidgid
 .text.parse_chown_usergroup_or_die
                0x00010990       0xa4 libpwdgrp/lib.a(uidgid_get.o)
                0x00010990                parse_chown_usergroup_or_die
 .text.add_remove_shell_main
                0x00010a34      0x13c loginutils/lib.a(add-remove-shell.o)
                0x00010a34                add_remove_shell_main
 .text.addgroup_main
                0x00010b70      0x22c loginutils/lib.a(addgroup.o)
                0x00010b70                addgroup_main
 .text.addgroup_wrapper
                0x00010d9c       0x7c loginutils/lib.a(adduser.o)
 .text.adduser_main
                0x00010e18      0x448 loginutils/lib.a(adduser.o)
                0x00010e18                adduser_main
 .text.chpasswd_main
                0x00011260      0x1a4 loginutils/lib.a(chpasswd.o)
                0x00011260                chpasswd_main
 .text.cryptpw_main
                0x00011404      0x13c loginutils/lib.a(cryptpw.o)
                0x00011404                cryptpw_main
 .text.deluser_main
                0x00011540      0x1d8 loginutils/lib.a(deluser.o)
                0x00011540                deluser_main
 .text.bcode    0x00011718       0x20 loginutils/lib.a(getty.o)
 .text.sleep10  0x00011738        0x8 loginutils/lib.a(getty.o)
 .text.set_tty_attrs
                0x00011740       0x2c loginutils/lib.a(getty.o)
 .text.finalize_tty_attrs
                0x0001176c       0x88 loginutils/lib.a(getty.o)
 .text.alarm_handler
                0x000117f4       0x10 loginutils/lib.a(getty.o)
 .text.getty_main
                0x00011804      0x7f8 loginutils/lib.a(getty.o)
                0x00011804                getty_main
 .text.alarm_handler
                0x00011ffc       0x3c loginutils/lib.a(login.o)
 .text.login_main
                0x00012038      0x588 loginutils/lib.a(login.o)
                0x00012038                login_main
 .text.passwd_main
                0x000125c0      0x470 loginutils/lib.a(passwd.o)
                0x000125c0                passwd_main
 .text.su_main  0x00012a30      0x248 loginutils/lib.a(su.o)
                0x00012a30                su_main
 .text.sulogin_main
                0x00012c78      0x158 loginutils/lib.a(sulogin.o)
                0x00012c78                sulogin_main
 .text.acquire_vt
                0x00012dd0       0x10 loginutils/lib.a(vlock.o)
 .text.release_vt
                0x00012de0       0x24 loginutils/lib.a(vlock.o)
 .text.vlock_main
                0x00012e04      0x1c8 loginutils/lib.a(vlock.o)
                0x00012e04                vlock_main
 .text.makemime_main
                0x00012fcc      0x1b8 mailutils/lib.a(makemime.o)
                0x00012fcc                makemime_main
 .text.pop3_checkr
                0x00013184       0xa4 mailutils/lib.a(popmaildir.o)
 .text.pop3_check
                0x00013228        0x8 mailutils/lib.a(popmaildir.o)
 .text.popmaildir_main
                0x00013230      0x3ec mailutils/lib.a(popmaildir.o)
                0x00013230                popmaildir_main
 .text.find_token
                0x0001361c       0x54 mailutils/lib.a(reformime.o)
 .text.parse    0x00013670      0x49c mailutils/lib.a(reformime.o)
 .text.reformime_main
                0x00013b0c       0xb4 mailutils/lib.a(reformime.o)
                0x00013b0c                reformime_main
 .text.smtp_checkp
                0x00013bc0       0xdc mailutils/lib.a(sendmail.o)
 .text.rcptto   0x00013c9c       0x44 mailutils/lib.a(sendmail.o)
 .text.smtp_check
                0x00013ce0        0xc mailutils/lib.a(sendmail.o)
 .text.sane_address
                0x00013cec       0x78 mailutils/lib.a(sendmail.o)
 .text.angle_address
                0x00013d64       0x48 mailutils/lib.a(sendmail.o)
 .text.rcptto_list
                0x00013dac       0x94 mailutils/lib.a(sendmail.o)
 .text.send_r_n
                0x00013e40       0x44 mailutils/lib.a(sendmail.o)
 .text.sendmail_main
                0x00013e84      0x59c mailutils/lib.a(sendmail.o)
                0x00013e84                sendmail_main
 .text.kill_helper
                0x00014420       0x30 mailutils/lib.a(mail.o)
 .text.signal_handler
                0x00014450       0x8c mailutils/lib.a(mail.o)
 .text.launch_helper
                0x000144dc      0x100 mailutils/lib.a(mail.o)
                0x000144dc                launch_helper
 .text.send_mail_command
                0x000145dc       0x78 mailutils/lib.a(mail.o)
                0x000145dc                send_mail_command
 .text.encode_base64
                0x00014654      0x138 mailutils/lib.a(mail.o)
                0x00014654                encode_base64
 .text.get_cred_or_die
                0x0001478c       0xb4 mailutils/lib.a(mail.o)
                0x0001478c                get_cred_or_die
 .text.adjtimex_main
                0x00014840      0x1e4 miscutils/lib.a(adjtimex.o)
                0x00014840                adjtimex_main
 .text.beep_main
                0x00014a24      0x168 miscutils/lib.a(beep.o)
                0x00014a24                beep_main
 .text.signal_handler
                0x00014b8c       0x14 miscutils/lib.a(chat.o)
 .text.unescape
                0x00014ba0       0xd0 miscutils/lib.a(chat.o)
 .text.chat_main
                0x00014c70      0x5a4 miscutils/lib.a(chat.o)
                0x00014c70                chat_main
 .text.show_min_max
                0x00015214       0x50 miscutils/lib.a(chrt.o)
 .text.chrt_main
                0x00015264      0x1c4 miscutils/lib.a(chrt.o)
                0x00015264                chrt_main
 .text.create_cdev_if_doesnt_exist
                0x00015428       0x58 miscutils/lib.a(conspy.o)
 .text.start_shell_in_child
                0x00015480       0xf8 miscutils/lib.a(conspy.o)
 .text.putcsi   0x00015578       0x30 miscutils/lib.a(conspy.o)
 .text.set_cursor
                0x000155a8       0x48 miscutils/lib.a(conspy.o)
 .text.gotoxy   0x000155f0       0x44 miscutils/lib.a(conspy.o)
 .text.screen_char
                0x00015634      0x170 miscutils/lib.a(conspy.o)
 .text.screen_dump
                0x000157a4       0xf8 miscutils/lib.a(conspy.o)
 .text.cleanup  0x0001589c       0x6c miscutils/lib.a(conspy.o)
 .text.screen_read_close
                0x00015908      0x12c miscutils/lib.a(conspy.o)
 .text.conspy_main
                0x00015a34      0x650 miscutils/lib.a(conspy.o)
                0x00015a34                conspy_main
 .text.crondlog
                0x00016084       0x48 miscutils/lib.a(crond.o)
 .text.log8     0x000160cc       0x28 miscutils/lib.a(crond.o)
 .text.log7     0x000160f4       0x28 miscutils/lib.a(crond.o)
 .text.log5     0x0001611c       0x28 miscutils/lib.a(crond.o)
 .text.reopen_logfile_to_stderr
                0x00016144       0x34 miscutils/lib.a(crond.o)
 .text.delete_cronfile
                0x00016178       0xb0 miscutils/lib.a(crond.o)
 .text.ParseField
                0x00016228      0x244 miscutils/lib.a(crond.o)
 .text.load_crontab
                0x0001646c      0x338 miscutils/lib.a(crond.o)
 .text.rescan_crontab_dir
                0x000167a4       0xb0 miscutils/lib.a(crond.o)
 .text.safe_setenv
                0x00016854       0x40 miscutils/lib.a(crond.o)
 .text.fork_job
                0x00016894      0x214 miscutils/lib.a(crond.o)
 .text.crond_main
                0x00016aa8      0x664 miscutils/lib.a(crond.o)
                0x00016aa8                crond_main
 .text.edit_file
                0x0001710c       0x9c miscutils/lib.a(crontab.o)
 .text.crontab_main
                0x000171a8      0x2b4 miscutils/lib.a(crontab.o)
                0x000171a8                crontab_main
 .text.check_under
                0x0001745c       0x24 miscutils/lib.a(dc.o)
 .text.pop      0x00017480       0x28 miscutils/lib.a(dc.o)
 .text.push     0x000174a8       0x38 miscutils/lib.a(dc.o)
 .text.divide   0x000174e0       0x28 miscutils/lib.a(dc.o)
 .text.mul      0x00017508       0x30 miscutils/lib.a(dc.o)
 .text.sub      0x00017538       0x28 miscutils/lib.a(dc.o)
 .text.add      0x00017560       0x30 miscutils/lib.a(dc.o)
 .text.eor      0x00017590       0x40 miscutils/lib.a(dc.o)
 .text.not      0x000175d0       0x20 miscutils/lib.a(dc.o)
 .text.or       0x000175f0       0x40 miscutils/lib.a(dc.o)
 .text.and      0x00017630       0x40 miscutils/lib.a(dc.o)
 .text.mod      0x00017670       0x54 miscutils/lib.a(dc.o)
 .text.stack_machine
                0x000176c4       0xa0 miscutils/lib.a(dc.o)
 .text.set_output_base
                0x00017764       0x54 miscutils/lib.a(dc.o)
 .text.print_base
                0x000177b8       0xf8 miscutils/lib.a(dc.o)
 .text.print_stack_no_pop
                0x000178b0       0x34 miscutils/lib.a(dc.o)
 .text.print_no_pop
                0x000178e4       0x24 miscutils/lib.a(dc.o)
 .text.power    0x00017908       0x28 miscutils/lib.a(dc.o)
 .text.dc_main  0x00017930       0x70 miscutils/lib.a(dc.o)
                0x00017930                dc_main
 .text.devmem_main
                0x000179a0      0x238 miscutils/lib.a(devmem.o)
                0x000179a0                devmem_main
 .text.eject_main
                0x00017bd8      0x1a0 miscutils/lib.a(eject.o)
                0x00017bd8                eject_main
 .text.fb_pixel_value
                0x00017d78       0x7c miscutils/lib.a(fbsplash.o)
 .text.fb_write_pixel
                0x00017df4       0x48 miscutils/lib.a(fbsplash.o)
 .text.fb_drawfullrectangle
                0x00017e3c       0x84 miscutils/lib.a(fbsplash.o)
 .text.fb_drawprogressbar
                0x00017ec0      0x1fc miscutils/lib.a(fbsplash.o)
 .text.fb_setpal
                0x000180bc       0xa8 miscutils/lib.a(fbsplash.o)
 .text.fbsplash_main
                0x00018164      0x4c0 miscutils/lib.a(fbsplash.o)
                0x00018164                fbsplash_main
 .text.parse_opts
                0x00018624       0x34 miscutils/lib.a(hdparm.o)
 .text.parse_opts_0_1
                0x00018658        0xc miscutils/lib.a(hdparm.o)
 .text.parse_opts_0_max
                0x00018664        0xc miscutils/lib.a(hdparm.o)
 .text.parse_opts_0_INTMAX
                0x00018670        0xc miscutils/lib.a(hdparm.o)
 .text.parse_xfermode
                0x0001867c       0xbc miscutils/lib.a(hdparm.o)
 .text.read_big_block
                0x00018738       0x38 miscutils/lib.a(hdparm.o)
 .text.xprint_ascii
                0x00018770       0x90 miscutils/lib.a(hdparm.o)
 .text.mode_loop
                0x00018800       0x88 miscutils/lib.a(hdparm.o)
 .text.print_flag
                0x00018888       0x14 miscutils/lib.a(hdparm.o)
 .text.on_off   0x0001889c       0x20 miscutils/lib.a(hdparm.o)
 .text.print_flag_on_off
                0x000188bc       0x28 miscutils/lib.a(hdparm.o)
 .text.print_value_on_off
                0x000188e4       0x30 miscutils/lib.a(hdparm.o)
 .text.bus_state_value
                0x00018914       0x38 miscutils/lib.a(hdparm.o)
 .text.identify
                0x0001894c     0x1254 miscutils/lib.a(hdparm.o)
 .text.identify_from_stdin
                0x00019ba0       0xa4 miscutils/lib.a(hdparm.o)
 .text.dump_identity
                0x00019c44      0x4b0 miscutils/lib.a(hdparm.o)
 .text.seek_to_zero
                0x0001a0f4       0x20 miscutils/lib.a(hdparm.o)
 .text.flush_buffer_cache
                0x0001a114       0x6c miscutils/lib.a(hdparm.o)
 .text.do_time  0x0001a180      0x1e8 miscutils/lib.a(hdparm.o)
 .text.ioctl_alt_func.clone.0
                0x0001a368       0x44 miscutils/lib.a(hdparm.o)
 .text.process_dev
                0x0001a3ac      0xddc miscutils/lib.a(hdparm.o)
 .text.hdparm_main
                0x0001b188      0x45c miscutils/lib.a(hdparm.o)
                0x0001b188                hdparm_main
 .text.i2c_smbus_access
                0x0001b5e4       0x2c miscutils/lib.a(i2c_tools.o)
 .text.i2c_smbus_read_byte
                0x0001b610       0x30 miscutils/lib.a(i2c_tools.o)
 .text.i2c_smbus_write_byte
                0x0001b640       0x1c miscutils/lib.a(i2c_tools.o)
 .text.i2c_smbus_read_byte_data
                0x0001b65c       0x30 miscutils/lib.a(i2c_tools.o)
 .text.i2c_smbus_read_word_data
                0x0001b68c       0x30 miscutils/lib.a(i2c_tools.o)
 .text.i2c_dev_open
                0x0001b6bc       0x78 miscutils/lib.a(i2c_tools.o)
 .text.get_funcs_matrix
                0x0001b734       0x14 miscutils/lib.a(i2c_tools.o)
 .text.list_i2c_busses_and_exit
                0x0001b748      0x230 miscutils/lib.a(i2c_tools.o)
 .text.i2c_set_slave_addr
                0x0001b978       0x30 miscutils/lib.a(i2c_tools.o)
 .text.i2c_set_pec
                0x0001b9a8       0x18 miscutils/lib.a(i2c_tools.o)
 .text.i2c_bus_lookup
                0x0001b9c0       0x14 miscutils/lib.a(i2c_tools.o)
 .text.i2c_parse_bus_addr
                0x0001b9d4       0x10 miscutils/lib.a(i2c_tools.o)
 .text.i2c_parse_data_addr
                0x0001b9e4       0x10 miscutils/lib.a(i2c_tools.o)
 .text.no_support
                0x0001b9f4       0x14 miscutils/lib.a(i2c_tools.o)
 .text.will_skip
                0x0001ba08       0x10 miscutils/lib.a(i2c_tools.o)
 .text.check_funcs_test_end
                0x0001ba18       0x3c miscutils/lib.a(i2c_tools.o)
 .text.check_read_funcs
                0x0001ba54       0xe8 miscutils/lib.a(i2c_tools.o)
 .text.confirm_or_abort
                0x0001bb3c       0x38 miscutils/lib.a(i2c_tools.o)
 .text.confirm_action
                0x0001bb74       0x8c miscutils/lib.a(i2c_tools.o)
 .text.read_block_data
                0x0001bc00      0x10c miscutils/lib.a(i2c_tools.o)
 .text.i2cget_main
                0x0001bd0c      0x1e4 miscutils/lib.a(i2c_tools.o)
                0x0001bd0c                i2cget_main
 .text.i2cset_main
                0x0001bef0      0x5e8 miscutils/lib.a(i2c_tools.o)
                0x0001bef0                i2cset_main
 .text.i2cdump_main
                0x0001c4d8      0x5d0 miscutils/lib.a(i2c_tools.o)
                0x0001c4d8                i2cdump_main
 .text.i2cdetect_main
                0x0001caa8      0x334 miscutils/lib.a(i2c_tools.o)
                0x0001caa8                i2cdetect_main
 .text.ionice_main
                0x0001cddc      0x168 miscutils/lib.a(ionice.o)
                0x0001cddc                ionice_main
 .text.show_entry
                0x0001cf44      0x18c miscutils/lib.a(last_fancy.o)
 .text.last_main
                0x0001d0d0      0x390 miscutils/lib.a(last_fancy.o)
                0x0001d0d0                last_main
 .text.at_end   0x0001d460       0x78 miscutils/lib.a(less.o)
 .text.safe_lineno
                0x0001d4d8       0x34 miscutils/lib.a(less.o)
 .text.opp_bracket
                0x0001d50c       0x64 miscutils/lib.a(less.o)
 .text.sigwinch_handler
                0x0001d570       0x1c miscutils/lib.a(less.o)
 .text.clear_line
                0x0001d58c       0x20 miscutils/lib.a(less.o)
 .text.print_statusline
                0x0001d5ac       0x34 miscutils/lib.a(less.o)
 .text.move_cursor
                0x0001d5e0       0x18 miscutils/lib.a(less.o)
 .text.print_hilite
                0x0001d5f8       0x10 miscutils/lib.a(less.o)
 .text.fill_match_lines
                0x0001d608       0xac miscutils/lib.a(less.o)
 .text.read_lines
                0x0001d6b4      0x374 miscutils/lib.a(less.o)
 .text.goto_lineno
                0x0001da28       0xa8 miscutils/lib.a(less.o)
 .text.cap_cur_fline
                0x0001dad0       0xa4 miscutils/lib.a(less.o)
 .text.re_wrap  0x0001db74      0x1c4 miscutils/lib.a(less.o)
 .text.print_found
                0x0001dd38      0x180 miscutils/lib.a(less.o)
 .text.print_ascii
                0x0001deb8       0xf4 miscutils/lib.a(less.o)
 .text.set_tty_cooked
                0x0001dfac       0x28 miscutils/lib.a(less.o)
 .text.less_exit
                0x0001dfd4       0x28 miscutils/lib.a(less.o)
 .text.sig_catcher
                0x0001dffc        0x8 miscutils/lib.a(less.o)
 .text.update_num_lines
                0x0001e004      0x108 miscutils/lib.a(less.o)
 .text.m_status_print
                0x0001e10c      0x14c miscutils/lib.a(less.o)
 .text.status_print
                0x0001e258       0x9c miscutils/lib.a(less.o)
 .text.buffer_print
                0x0001e2f4       0xf0 miscutils/lib.a(less.o)
 .text.buffer_fill_and_print
                0x0001e3e4       0xec miscutils/lib.a(less.o)
 .text.reinitialize
                0x0001e4d0       0xe0 miscutils/lib.a(less.o)
 .text.change_file
                0x0001e5b0       0x80 miscutils/lib.a(less.o)
 .text.buffer_down
                0x0001e630       0x60 miscutils/lib.a(less.o)
 .text.buffer_up
                0x0001e690       0x60 miscutils/lib.a(less.o)
 .text.buffer_to_line
                0x0001e6f0       0x4c miscutils/lib.a(less.o)
 .text.buffer_line
                0x0001e73c        0x8 miscutils/lib.a(less.o)
 .text.goto_match
                0x0001e744       0x7c miscutils/lib.a(less.o)
 .text.buffer_lineno
                0x0001e7c0        0x8 miscutils/lib.a(less.o)
 .text.getch_nowait
                0x0001e7c8      0x130 miscutils/lib.a(less.o)
 .text.less_getch
                0x0001e8f8       0x4c miscutils/lib.a(less.o)
 .text.less_gets
                0x0001e944       0xcc miscutils/lib.a(less.o)
 .text.examine_file
                0x0001ea10       0x8c miscutils/lib.a(less.o)
 .text.regex_process
                0x0001ea9c      0x128 miscutils/lib.a(less.o)
 .text.less_main
                0x0001ebc4      0xbe0 miscutils/lib.a(less.o)
                0x0001ebc4                less_main
 .text.makedevs_main
                0x0001f7a4      0x428 miscutils/lib.a(makedevs.o)
                0x0001f7a4                makedevs_main
 .text.add_MANPATH
                0x0001fbcc       0xc4 miscutils/lib.a(man.o)
 .text.run_pipe
                0x0001fc90      0x1b4 miscutils/lib.a(man.o)
 .text.show_manpage
                0x0001fe44       0xf4 miscutils/lib.a(man.o)
 .text.man_main
                0x0001ff38      0x3a4 miscutils/lib.a(man.o)
                0x0001ff38                man_main
 .text.xget1    0x000202dc       0x44 miscutils/lib.a(microcom.o)
 .text.xset1    0x00020320       0x38 miscutils/lib.a(microcom.o)
 .text.microcom_main
                0x00020358      0x314 miscutils/lib.a(microcom.o)
                0x00020358                microcom_main
 .text.gnu_dev_major
                0x0002066c       0x14 miscutils/lib.a(mountpoint.o)
 .text.gnu_dev_minor
                0x00020680       0x18 miscutils/lib.a(mountpoint.o)
 .text.mountpoint_main
                0x00020698      0x230 miscutils/lib.a(mountpoint.o)
                0x00020698                mountpoint_main
 .text.mt_main  0x000208c8      0x13c miscutils/lib.a(mt.o)
                0x000208c8                mt_main
 .text.next_good_eraseblock
                0x00020a04       0xa8 miscutils/lib.a(nandwrite.o)
 .text.dump_bad
                0x00020aac       0x88 miscutils/lib.a(nandwrite.o)
 .text.nandwrite_main
                0x00020b34      0x51c miscutils/lib.a(nandwrite.o)
                0x00020b34                nandwrite_main
 .text.raidautorun_main
                0x00021050       0x30 miscutils/lib.a(raidautorun.o)
                0x00021050                raidautorun_main
 .text.readahead_main
                0x00021080       0x9c miscutils/lib.a(readahead.o)
                0x00021080                readahead_main
 .text.runlevel_main
                0x0002111c       0x98 miscutils/lib.a(runlevel.o)
                0x0002111c                runlevel_main
 .text.sigalrm_handler
                0x000211b4        0x4 miscutils/lib.a(rx.o)
 .text.read_byte
                0x000211b8       0x34 miscutils/lib.a(rx.o)
 .text.rx_main  0x000211ec      0x420 miscutils/lib.a(rx.o)
                0x000211ec                rx_main
 .text.serial_open
                0x0002160c       0x34 miscutils/lib.a(setserial.o)
 .text.index_in_strings_case_insensitive
                0x00021640       0x54 miscutils/lib.a(setserial.o)
 .text.get_numeric
                0x00021694        0xc miscutils/lib.a(setserial.o)
 .text.serial_ctl
                0x000216a0       0xb8 miscutils/lib.a(setserial.o)
 .text.print_flag
                0x00021758       0x2c miscutils/lib.a(setserial.o)
 .text.setserial_main
                0x00021784      0x598 miscutils/lib.a(setserial.o)
                0x00021784                setserial_main
 .text.setsid_main
                0x00021d1c       0x80 miscutils/lib.a(setsid.o)
                0x00021d1c                setsid_main
 .text.strings_main
                0x00021d9c      0x1bc miscutils/lib.a(strings.o)
                0x00021d9c                strings_main
 .text.ptok     0x00021f58       0x30 miscutils/lib.a(time.o)
 .text.run_command
                0x00021f88       0xe4 miscutils/lib.a(time.o)
 .text.time_main
                0x0002206c      0x624 miscutils/lib.a(time.o)
                0x0002206c                time_main
 .text.timeout_main
                0x00022690      0x16c miscutils/lib.a(timeout.o)
                0x00022690                timeout_main
 .text.ttysize_main
                0x000227fc       0x9c miscutils/lib.a(ttysize.o)
                0x000227fc                ttysize_main
 .text.get_num_from_file
                0x00022898       0x84 miscutils/lib.a(ubi_tools.o)
 .text.ubi_tools_main
                0x0002291c      0x540 miscutils/lib.a(ubi_tools.o)
                0x0002291c                ubi_tools_main
 .text.ubirename_main
                0x00022e5c      0x138 miscutils/lib.a(ubirename.o)
                0x00022e5c                ubirename_main
 .text.volname_main
                0x00022f94       0x7c miscutils/lib.a(volname.o)
                0x00022f94                volname_main
 .text.wall_main
                0x00023010       0x88 miscutils/lib.a(wall.o)
                0x00023010                wall_main
 .text.watchdog_shutdown
                0x00023098       0x40 miscutils/lib.a(watchdog.o)
 .text.watchdog_main
                0x000230d8      0x144 miscutils/lib.a(watchdog.o)
                0x000230d8                watchdog_main
 .text.display  0x0002321c       0x74 modutils/lib.a(modinfo.o)
 .text.modinfo  0x00023290      0x18c modutils/lib.a(modinfo.o)
 .text.modinfo_main
                0x0002341c      0x188 modutils/lib.a(modinfo.o)
                0x0002341c                modinfo_main
 .text.reset_stringbuf
                0x000235a4       0x18 modutils/lib.a(modprobe-small.o)
 .text.replace  0x000235bc       0x1c modutils/lib.a(modprobe-small.o)
 .text.filename2modname
                0x000235d8       0x48 modutils/lib.a(modprobe-small.o)
 .text.load_module
                0x00023620       0x54 modutils/lib.a(modprobe-small.o)
 .text.moderror
                0x00023674       0x50 modutils/lib.a(modprobe-small.o)
 .text.load_dep_bb
                0x000236c4      0x134 modutils/lib.a(modprobe-small.o)
 .text.pathname_matches_modname
                0x000237f8       0x38 modutils/lib.a(modprobe-small.o)
 .text.find_keyword
                0x00023830       0x7c modutils/lib.a(modprobe-small.o)
 .text.append   0x000238ac       0x70 modutils/lib.a(modprobe-small.o)
 .text.copy_stringbuf
                0x0002391c       0x2c modutils/lib.a(modprobe-small.o)
 .text.rmmod    0x00023948       0x58 modutils/lib.a(modprobe-small.o)
 .text.str_2_list
                0x000239a0       0x48 modutils/lib.a(modprobe-small.o)
 .text.parse_module
                0x000239e8      0x1d8 modutils/lib.a(modprobe-small.o)
 .text.find_alias
                0x00023bc0      0x314 modutils/lib.a(modprobe-small.o)
 .text.process_module
                0x00023ed4      0x380 modutils/lib.a(modprobe-small.o)
 .text.fileAction
                0x00024254       0xd0 modutils/lib.a(modprobe-small.o)
 .text.modprobe_main
                0x00024324      0x254 modutils/lib.a(modprobe-small.o)
                0x00024324                modprobe_main
 .text.filename2modname
                0x00024578       0x78 modutils/lib.a(modutils.o)
                0x00024578                filename2modname
 .text.arp_show
                0x000245f0      0x2e8 networking/lib.a(arp.o)
 .text.arp_main
                0x000248d8      0x610 networking/lib.a(arp.o)
                0x000248d8                arp_main
 .text.finish   0x00024ee8       0xa0 networking/lib.a(arping.o)
 .text.catcher  0x00024f88      0x188 networking/lib.a(arping.o)
 .text.arping_main
                0x00025110      0x7b0 networking/lib.a(arping.o)
                0x00025110                arping_main
 .text.arm_ioctl
                0x000258c0       0x14 networking/lib.a(brctl.o)
 .text.brctl_main
                0x000258d4      0x4f0 networking/lib.a(brctl.o)
                0x000258d4                brctl_main
 .text.undot    0x00025dc4       0x48 networking/lib.a(dnsd.o)
 .text.dnsd_main
                0x00025e0c      0x5bc networking/lib.a(dnsd.o)
                0x00025e0c                dnsd_main
 .text.ether_wake_main
                0x000263c8      0x2f8 networking/lib.a(ether-wake.o)
                0x000263c8                ether_wake_main
 .text.replace_char
                0x000266c0       0x2c networking/lib.a(ftpd.o)
 .text.pasv_active
                0x000266ec       0x1c networking/lib.a(ftpd.o)
 .text.verbose_log
                0x00026708       0x2c networking/lib.a(ftpd.o)
 .text.cmdio_get_cmd_and_arg
                0x00026734      0x144 networking/lib.a(ftpd.o)
 .text.cmdio_write_ok
                0x00026878       0x40 networking/lib.a(ftpd.o)
 .text.cmdio_write_error
                0x000268b8       0x40 networking/lib.a(ftpd.o)
 .text.escape_text
                0x000268f8       0xa0 networking/lib.a(ftpd.o)
 .text.cmdio_write
                0x00026998       0x6c networking/lib.a(ftpd.o)
 .text.handle_cwd
                0x00026a04       0x44 networking/lib.a(ftpd.o)
 .text.port_pasv_cleanup
                0x00026a48       0x38 networking/lib.a(ftpd.o)
 .text.get_remote_transfer_fd
                0x00026a80       0x7c networking/lib.a(ftpd.o)
 .text.bind_for_passive_mode
                0x00026afc       0x8c networking/lib.a(ftpd.o)
 .text.cmdio_write_raw
                0x00026b88       0x34 networking/lib.a(ftpd.o)
 .text.port_or_pasv_was_seen
                0x00026bbc       0x44 networking/lib.a(ftpd.o)
 .text.handle_upload_common
                0x00026c00      0x184 networking/lib.a(ftpd.o)
 .text.handle_dir_common
                0x00026d84      0x1b8 networking/lib.a(ftpd.o)
 .text.timeout_handler
                0x00026f3c       0x94 networking/lib.a(ftpd.o)
 .text.ftpd_main
                0x00026fd0      0xa34 networking/lib.a(ftpd.o)
                0x00026fd0                ftpd_main
 .text.ftp_die  0x00027a04       0x58 networking/lib.a(ftpgetput.o)
 .text.ftpcmd   0x00027a5c       0xd4 networking/lib.a(ftpgetput.o)
 .text.xconnect_ftpdata
                0x00027b30       0xb0 networking/lib.a(ftpgetput.o)
 .text.pump_data_and_QUIT
                0x00027be0       0x6c networking/lib.a(ftpgetput.o)
 .text.ftp_receive
                0x00027c4c      0x158 networking/lib.a(ftpgetput.o)
 .text.ftp_send
                0x00027da4       0x74 networking/lib.a(ftpgetput.o)
 .text.ftpgetput_main
                0x00027e18      0x1d0 networking/lib.a(ftpgetput.o)
                0x00027e18                ftpgetput_main
 .text.do_sethostname
                0x00027fe8       0x88 networking/lib.a(hostname.o)
 .text.hostname_main
                0x00028070      0x16c networking/lib.a(hostname.o)
                0x00028070                hostname_main
 .text.scan_ip  0x000281dc       0xd4 networking/lib.a(httpd.o)
 .text.checkPermIP
                0x000282b0       0x5c networking/lib.a(httpd.o)
 .text.free_llist
                0x0002830c       0x2c networking/lib.a(httpd.o)
 .text.parse_conf
                0x00028338      0x5c4 networking/lib.a(httpd.o)
 .text.sighup_handler
                0x000288fc       0x10 networking/lib.a(httpd.o)
 .text.get_line
                0x0002890c       0xa4 networking/lib.a(httpd.o)
 .text.check_user_passwd
                0x000289b0      0x230 networking/lib.a(httpd.o)
 .text.log_and_exit
                0x00028be0       0x44 networking/lib.a(httpd.o)
 .text.cgi_io_loop_and_exit
                0x00028c24      0x27c networking/lib.a(httpd.o)
 .text.setenv1  0x00028ea0       0x18 networking/lib.a(httpd.o)
 .text.send_file_and_exit
                0x00028eb8      0x3e8 networking/lib.a(httpd.o)
 .text.send_headers
                0x000292a0      0x354 networking/lib.a(httpd.o)
 .text.send_headers_and_exit
                0x000295f4       0x20 networking/lib.a(httpd.o)
 .text.send_cgi_and_exit
                0x00029614      0x434 networking/lib.a(httpd.o)
 .text.send_REQUEST_TIMEOUT_and_exit
                0x00029a48        0xc networking/lib.a(httpd.o)
 .text.handle_incoming_and_exit
                0x00029a54      0xb78 networking/lib.a(httpd.o)
 .text.httpd_main
                0x0002a5cc      0x3ac networking/lib.a(httpd.o)
                0x0002a5cc                httpd_main
 .text.ifconfig_main
                0x0002a978      0x4d0 networking/lib.a(ifconfig.o)
                0x0002a978                ifconfig_main
 .text.ioctl_on_skfd
                0x0002ae48       0x14 networking/lib.a(ifenslave.o)
 .text.set_ifrname_and_do_ioctl
                0x0002ae5c       0x28 networking/lib.a(ifenslave.o)
 .text.get_slave_flags
                0x0002ae84       0x1c networking/lib.a(ifenslave.o)
 .text.set_if_flags
                0x0002aea0       0x24 networking/lib.a(ifenslave.o)
 .text.set_if_down
                0x0002aec4       0x30 networking/lib.a(ifenslave.o)
 .text.set_if_up
                0x0002aef4       0x30 networking/lib.a(ifenslave.o)
 .text.set_mtu  0x0002af24       0x24 networking/lib.a(ifenslave.o)
 .text.get_if_settings
                0x0002af48       0x48 networking/lib.a(ifenslave.o)
 .text.set_hwaddr
                0x0002af90       0x30 networking/lib.a(ifenslave.o)
 .text.get_drv_info
                0x0002afc0       0xdc networking/lib.a(ifenslave.o)
 .text.enslave  0x0002b09c      0x2a4 networking/lib.a(ifenslave.o)
 .text.ifenslave_main
                0x0002b340      0x308 networking/lib.a(ifenslave.o)
                0x0002b340                ifenslave_main
 .text.strstatus
                0x0002b648       0x20 networking/lib.a(ifplugd.o)
 .text.read_pid
                0x0002b668       0x48 networking/lib.a(ifplugd.o)
 .text.set_ifreq_to_ifname
                0x0002b6b0       0x30 networking/lib.a(ifplugd.o)
 .text.network_ioctl
                0x0002b6e0       0x4c networking/lib.a(ifplugd.o)
 .text.detect_link_iff
                0x0002b72c       0x64 networking/lib.a(ifplugd.o)
 .text.detect_link_wlan
                0x0002b790       0xac networking/lib.a(ifplugd.o)
 .text.detect_link_priv
                0x0002b83c       0x6c networking/lib.a(ifplugd.o)
 .text.detect_link_mii
                0x0002b8a8       0x6c networking/lib.a(ifplugd.o)
 .text.detect_link_ethtool
                0x0002b914       0x58 networking/lib.a(ifplugd.o)
 .text.check_existence_through_netlink
                0x0002b96c      0x190 networking/lib.a(ifplugd.o)
 .text.up_iface
                0x0002bafc       0x98 networking/lib.a(ifplugd.o)
 .text.maybe_up_new_iface
                0x0002bb94       0x40 networking/lib.a(ifplugd.o)
 .text.detect_link
                0x0002bbd4      0x138 networking/lib.a(ifplugd.o)
 .text.run_script
                0x0002bd0c       0xfc networking/lib.a(ifplugd.o)
 .text.ifplugd_main
                0x0002be08      0x59c networking/lib.a(ifplugd.o)
                0x0002be08                ifplugd_main
 .text.manual_up_down6
                0x0002c3a4        0x8 networking/lib.a(ifupdown.o)
 .text.manual_up_down
                0x0002c3ac        0x8 networking/lib.a(ifupdown.o)
 .text.link_up_down
                0x0002c3b4        0x8 networking/lib.a(ifupdown.o)
 .text.check    0x0002c3bc        0xc networking/lib.a(ifupdown.o)
 .text.find_iface_state
                0x0002c3c8       0x44 networking/lib.a(ifupdown.o)
 .text.strncmpz
                0x0002c40c       0x20 networking/lib.a(ifupdown.o)
 .text.get_var  0x0002c42c       0x90 networking/lib.a(ifupdown.o)
 .text.addstr   0x0002c4bc       0x58 networking/lib.a(ifupdown.o)
 .text.execute  0x0002c514      0x2e0 networking/lib.a(ifupdown.o)
 .text.loopback_down6
                0x0002c7f4       0x18 networking/lib.a(ifupdown.o)
 .text.loopback_up6
                0x0002c80c       0x4c networking/lib.a(ifupdown.o)
 .text.static_down6
                0x0002c858       0x18 networking/lib.a(ifupdown.o)
 .text.static_up6
                0x0002c870       0x64 networking/lib.a(ifupdown.o)
 .text.v4tunnel_down
                0x0002c8d4       0x18 networking/lib.a(ifupdown.o)
 .text.v4tunnel_up
                0x0002c8ec       0x7c networking/lib.a(ifupdown.o)
 .text.loopback_down
                0x0002c968       0x4c networking/lib.a(ifupdown.o)
 .text.loopback_up
                0x0002c9b4       0x4c networking/lib.a(ifupdown.o)
 .text.dhcp_up  0x0002ca00       0x40 networking/lib.a(ifupdown.o)
 .text.bootp_up
                0x0002ca40       0x18 networking/lib.a(ifupdown.o)
 .text.static_down
                0x0002ca58       0x4c networking/lib.a(ifupdown.o)
 .text.static_up
                0x0002caa4       0x64 networking/lib.a(ifupdown.o)
 .text.ppp_down
                0x0002cb08       0x18 networking/lib.a(ifupdown.o)
 .text.ppp_up   0x0002cb20       0x18 networking/lib.a(ifupdown.o)
 .text.wvdial_down
                0x0002cb38       0x18 networking/lib.a(ifupdown.o)
 .text.wvdial_up
                0x0002cb50       0x18 networking/lib.a(ifupdown.o)
 .text.dhcp_down
                0x0002cb68       0x50 networking/lib.a(ifupdown.o)
 .text.next_word
                0x0002cbb8       0x58 networking/lib.a(ifupdown.o)
 .text.popen2   0x0002cc10       0xbc networking/lib.a(ifupdown.o)
 .text.read_iface_state
                0x0002cccc       0x68 networking/lib.a(ifupdown.o)
 .text.setlocalenv
                0x0002cd34       0x84 networking/lib.a(ifupdown.o)
 .text.set_environ
                0x0002cdb8      0x168 networking/lib.a(ifupdown.o)
 .text.doit     0x0002cf20       0xb4 networking/lib.a(ifupdown.o)
 .text.execute_all
                0x0002cfd4       0x68 networking/lib.a(ifupdown.o)
 .text.iface_up
                0x0002d03c       0xa8 networking/lib.a(ifupdown.o)
 .text.iface_down
                0x0002d0e4       0xa8 networking/lib.a(ifupdown.o)
 .text.read_interfaces
                0x0002d18c      0x550 networking/lib.a(ifupdown.o)
 .text.ifupdown_main
                0x0002d6dc      0x4f0 networking/lib.a(ifupdown.o)
                0x0002d6dc                ifupdown_main
 .text.remove_fd_from_set
                0x0002dbcc       0x3c networking/lib.a(inetd.o)
 .text.init_ring
                0x0002dc08       0x30 networking/lib.a(inetd.o)
 .text.discard_dg
                0x0002dc38       0x14 networking/lib.a(inetd.o)
 .text.maybe_close
                0x0002dc4c        0xc networking/lib.a(inetd.o)
 .text.free_servtab_strings
                0x0002dc58       0x58 networking/lib.a(inetd.o)
 .text.bump_nofile
                0x0002dcb0       0xdc networking/lib.a(inetd.o)
 .text.add_fd_to_set
                0x0002dd8c       0x84 networking/lib.a(inetd.o)
 .text.block_CHLD_HUP_ALRM
                0x0002de10       0x48 networking/lib.a(inetd.o)
 .text.restore_sigmask
                0x0002de58       0x10 networking/lib.a(inetd.o)
 .text.rearm_alarm
                0x0002de68       0x24 networking/lib.a(inetd.o)
 .text.xzalloc_lsa
                0x0002de8c       0x34 networking/lib.a(inetd.o)
 .text.new_servtab
                0x0002dec0       0x18 networking/lib.a(inetd.o)
 .text.clean_up_and_exit
                0x0002ded8       0x68 networking/lib.a(inetd.o)
 .text.reap_child
                0x0002df40       0xc4 networking/lib.a(inetd.o)
 .text.daytime_dg
                0x0002e004       0xac networking/lib.a(inetd.o)
 .text.daytime_stream
                0x0002e0b0       0x34 networking/lib.a(inetd.o)
 .text.machtime
                0x0002e0e4       0x28 networking/lib.a(inetd.o)
 .text.machtime_dg
                0x0002e10c       0x80 networking/lib.a(inetd.o)
 .text.machtime_stream
                0x0002e18c       0x24 networking/lib.a(inetd.o)
 .text.chargen_dg
                0x0002e1b0      0x104 networking/lib.a(inetd.o)
 .text.chargen_stream
                0x0002e2b4       0xa0 networking/lib.a(inetd.o)
 .text.discard_stream
                0x0002e354       0x28 networking/lib.a(inetd.o)
 .text.echo_stream
                0x0002e37c       0x34 networking/lib.a(inetd.o)
 .text.echo_dg  0x0002e3b0       0x8c networking/lib.a(inetd.o)
 .text.parse_one_line
                0x0002e43c      0x470 networking/lib.a(inetd.o)
 .text.prepare_socket_fd
                0x0002e8ac       0xb8 networking/lib.a(inetd.o)
 .text.reread_config_file
                0x0002e964      0x408 networking/lib.a(inetd.o)
 .text.retry_network_setup
                0x0002ed6c       0x54 networking/lib.a(inetd.o)
 .text.inetd_main
                0x0002edc0      0x91c networking/lib.a(inetd.o)
                0x0002edc0                inetd_main
 .text.get_afntype
                0x0002f6dc       0x2c networking/lib.a(interface.o)
 .text.add_interface
                0x0002f708       0x90 networking/lib.a(interface.o)
 .text.if_readconf
                0x0002f798       0xcc networking/lib.a(interface.o)
 .text.if_readlist_proc
                0x0002f864      0x2ac networking/lib.a(interface.o)
 .text.do_if_fetch
                0x0002fb10      0x2f0 networking/lib.a(interface.o)
 .text.print_bytes_scaled
                0x0002fe00       0x84 networking/lib.a(interface.o)
 .text.UNSPEC_print
                0x0002fe84       0x58 networking/lib.a(interface.o)
 .text.UNSPEC_sprint
                0x0002fedc       0x2c networking/lib.a(interface.o)
 .text.INET6_input
                0x0002ff08        0x4 networking/lib.a(interface.o)
 .text.INET6_sprint
                0x0002ff0c       0x34 networking/lib.a(interface.o)
 .text.INET_input
                0x0002ff40        0x8 networking/lib.a(interface.o)
 .text.INET_sprint
                0x0002ff48       0x38 networking/lib.a(interface.o)
 .text.in_ib    0x0002ff80       0x28 networking/lib.a(interface.o)
                0x0002ff80                in_ib
 .text.ether_print
                0x0002ffa8       0x40 networking/lib.a(interface.o)
 .text.get_aftype
                0x0002ffe8       0x3c networking/lib.a(interface.o)
                0x0002ffe8                get_aftype
 .text.get_hwtype
                0x00030024       0x3c networking/lib.a(interface.o)
                0x00030024                get_hwtype
 .text.get_hwntype
                0x00030060       0x2c networking/lib.a(interface.o)
                0x00030060                get_hwntype
 .text.ife_print
                0x0003008c      0x5ec networking/lib.a(interface.o)
 .text.display_interfaces
                0x00030678       0xd8 networking/lib.a(interface.o)
                0x00030678                display_interfaces
 .text.ip_do    0x00030750       0x18 networking/lib.a(ip.o)
 .text.ip_print_help
                0x00030768        0x8 networking/lib.a(ip.o)
 .text.ipaddr_main
                0x00030770        0xc networking/lib.a(ip.o)
                0x00030770                ipaddr_main
 .text.iplink_main
                0x0003077c        0xc networking/lib.a(ip.o)
                0x0003077c                iplink_main
 .text.iproute_main
                0x00030788        0xc networking/lib.a(ip.o)
                0x00030788                iproute_main
 .text.iprule_main
                0x00030794        0xc networking/lib.a(ip.o)
                0x00030794                iprule_main
 .text.iptunnel_main
                0x000307a0        0xc networking/lib.a(ip.o)
                0x000307a0                iptunnel_main
 .text.ip_main  0x000307ac       0x4c networking/lib.a(ip.o)
                0x000307ac                ip_main
 .text.ipcalc_main
                0x000307f8      0x294 networking/lib.a(ipcalc.o)
                0x000307f8                ipcalc_main
 .text.do_timeout
                0x00030a8c        0x8 networking/lib.a(isrv_identd.o)
 .text.do_rd    0x00030a94       0xd0 networking/lib.a(isrv_identd.o)
 .text.new_peer
                0x00030b64       0x60 networking/lib.a(isrv_identd.o)
 .text.fakeidentd_main
                0x00030bc4      0x15c networking/lib.a(isrv_identd.o)
                0x00030bc4                fakeidentd_main
 .text.prepend_new_eth_table
                0x00030d20      0x188 networking/lib.a(nameif.o)
 .text.nameif_main
                0x00030ea8      0x30c networking/lib.a(nameif.o)
                0x00030ea8                nameif_main
 .text.nbdclient_main
                0x000311b4      0x20c networking/lib.a(nbd-client.o)
                0x000311b4                nbdclient_main
 .text.timeout  0x000313c0       0x10 networking/lib.a(nc.o)
 .text.nc_main  0x000313d0      0x468 networking/lib.a(nc.o)
                0x000313d0                nc_main
 .text.prg_cache_get
                0x00031838       0x54 networking/lib.a(netstat.o)
 .text.dir_act  0x0003188c       0xf0 networking/lib.a(netstat.o)
 .text.add_to_prg_cache_if_socket
                0x0003197c      0x120 networking/lib.a(netstat.o)
 .text.do_info  0x00031a9c       0x78 networking/lib.a(netstat.o)
 .text.build_ipv4_addr
                0x00031b14       0x24 networking/lib.a(netstat.o)
 .text.unix_do_one
                0x00031b38      0x274 networking/lib.a(netstat.o)
 .text.build_ipv6_addr
                0x00031dac       0x6c networking/lib.a(netstat.o)
 .text.scan_inet_proc_line
                0x00031e18       0xbc networking/lib.a(netstat.o)
 .text.ip_port_str
                0x00031ed4       0x90 networking/lib.a(netstat.o)
 .text.print_inet_line